#
# There is insufficient memory for the Java Runtime Environment to continue.
# Native memory allocation (mmap) failed to map 65536 bytes. Error detail: Failed to commit metaspace.
# Possible reasons:
#   The system is out of physical RAM or swap space
#   This process is running with CompressedOops enabled, and the Java Heap may be blocking the growth of the native heap
# Possible solutions:
#   Reduce memory load on the system
#   Increase physical memory or swap space
#   Check if swap backing store is full
#   Decrease Java heap size (-Xmx/-Xms)
#   Decrease number of Java threads
#   Decrease Java thread stack sizes (-Xss)
#   Set larger code cache with -XX:ReservedCodeCacheSize=
#   JVM is running with Zero Based Compressed Oops mode in which the Java heap is
#     placed in the first 32GB address space. The Java Heap base address is the
#     maximum limit for the native heap growth. Please use -XX:HeapBaseMinAddress
#     to set the Java Heap base and to place the Java Heap above 32GB virtual address.
# This output file may be truncated or incomplete.
#
#  Out of Memory Error (virtualSpaceNode.cpp:110), pid=28092, tid=24316
#
# JRE version: OpenJDK Runtime Environment Corretto-17.0.12.7.1 (17.0.12+7) (build 17.0.12+7-LTS)
# Java VM: OpenJDK 64-Bit Server VM Corretto-17.0.12.7.1 (17.0.12+7-LTS, mixed mode, emulated-client, sharing, tiered, compressed oops, compressed class ptrs, g1 gc, windows-amd64)
# No core dump will be written. Minidumps are not enabled by default on client versions of Windows
#

---------------  S U M M A R Y ------------

Command Line: -XX:TieredStopAtLevel=1 -Dspring.output.ansi.enabled=always -Dcom.sun.management.jmxremote -Dspring.jmx.enabled=true -Dspring.liveBeansView.mbeanDomain -Dspring.application.admin.enabled=true -Dmanagement.endpoints.jmx.exposure.include=* -javaagent:C:\Program Files\JetBrains\IntelliJ IDEA 2023.2.5\lib\idea_rt.jar=51969:C:\Program Files\JetBrains\IntelliJ IDEA 2023.2.5\bin -Dfile.encoding=UTF-8 com.tecsup.microservices.license_command_service.LicenseCommandServiceApplication

Host: Intel(R) Core(TM) i5-8300H CPU @ 2.30GHz, 8 cores, 31G,  Windows 11 , 64 bit Build 22621 (10.0.22621.4391)
Time: Wed Dec  4 19:10:33 2024 Hora est. Pacífico, Sudamérica elapsed time: 1.872046 seconds (0d 0h 0m 1s)

---------------  T H R E A D  ---------------

Current thread (0x00000213e96e9850):  JavaThread "background-preinit" [_thread_in_vm, id=24316, stack(0x0000005069800000,0x0000005069900000)]

Stack: [0x0000005069800000,0x0000005069900000]
Native frames: (J=compiled Java code, j=interpreted, Vv=VM code, C=native code)
V  [jvm.dll+0x67f4f9]
V  [jvm.dll+0x836eaa]
V  [jvm.dll+0x83896e]
V  [jvm.dll+0x838fd3]
V  [jvm.dll+0x247f6f]
V  [jvm.dll+0x832b5d]
V  [jvm.dll+0x623a6e]
V  [jvm.dll+0x1c1d2b]
V  [jvm.dll+0x6263bd]
V  [jvm.dll+0x624416]
V  [jvm.dll+0x23d790]
V  [jvm.dll+0x1ec7ab]
V  [jvm.dll+0x1e2141]
V  [jvm.dll+0x54429e]
V  [jvm.dll+0x7b0e68]
V  [jvm.dll+0x7b0f54]
V  [jvm.dll+0x4113c5]
V  [jvm.dll+0x417549]
C  [java.dll+0x17ec]

Java frames: (J=compiled Java code, j=interpreted, Vv=VM code)
J 1191  java.lang.ClassLoader.defineClass1(Ljava/lang/ClassLoader;Ljava/lang/String;[BIILjava/security/ProtectionDomain;Ljava/lang/String;)Ljava/lang/Class; java.base@17.0.12 (0 bytes) @ 0x00000213cb381ae3 [0x00000213cb381a20+0x00000000000000c3]
J 1275 c1 java.lang.ClassLoader.defineClass(Ljava/lang/String;[BIILjava/security/ProtectionDomain;)Ljava/lang/Class; java.base@17.0.12 (43 bytes) @ 0x00000213cb3a04ec [0x00000213cb3a03e0+0x000000000000010c]
J 1197 c1 jdk.internal.loader.BuiltinClassLoader.defineClass(Ljava/lang/String;Ljdk/internal/loader/Resource;)Ljava/lang/Class; java.base@17.0.12 (121 bytes) @ 0x00000213cb3857f4 [0x00000213cb385320+0x00000000000004d4]
J 1196 c1 jdk.internal.loader.BuiltinClassLoader.findClassOnClassPathOrNull(Ljava/lang/String;)Ljava/lang/Class; java.base@17.0.12 (64 bytes) @ 0x00000213cb383a6c [0x00000213cb3837a0+0x00000000000002cc]
J 955 c1 jdk.internal.loader.BuiltinClassLoader.loadClassOrNull(Ljava/lang/String;Z)Ljava/lang/Class; java.base@17.0.12 (143 bytes) @ 0x00000213cb316184 [0x00000213cb315d00+0x0000000000000484]
J 1091 c1 jdk.internal.loader.ClassLoaders$AppClassLoader.loadClass(Ljava/lang/String;Z)Ljava/lang/Class; java.base@17.0.12 (40 bytes) @ 0x00000213cb358dac [0x00000213cb358c60+0x000000000000014c]
J 1090 c1 java.lang.ClassLoader.loadClass(Ljava/lang/String;)Ljava/lang/Class; java.base@17.0.12 (7 bytes) @ 0x00000213cb355be4 [0x00000213cb355ba0+0x0000000000000044]
v  ~StubRoutines::call_stub
j  org.springframework.boot.autoconfigure.BackgroundPreinitializer$TomcatInitializer.run()V+8
j  org.springframework.boot.autoconfigure.BackgroundPreinitializer$1.runSafely(Ljava/lang/Runnable;)Z+1
j  org.springframework.boot.autoconfigure.BackgroundPreinitializer$1.run()V+70
j  java.lang.Thread.run()V+11 java.base@17.0.12
v  ~StubRoutines::call_stub

Compiled method (n/a)    1893 1191     n 0       java.lang.ClassLoader::defineClass1 (native)
 total in heap  [0x00000213cb381890,0x00000213cb381d70] = 1248
 relocation     [0x00000213cb3819e8,0x00000213cb381a20] = 56
 main code      [0x00000213cb381a20,0x00000213cb381d70] = 848

[Constant Pool (empty)]

[MachCode]
[Entry Point]
  # {method} {0x0000021380010f28} 'defineClass1' '(Ljava/lang/ClassLoader;Ljava/lang/String;[BIILjava/security/ProtectionDomain;Ljava/lang/String;)Ljava/lang/Class;' in 'java/lang/ClassLoader'
  # parm0:    rdx:rdx   = 'java/lang/ClassLoader'
  # parm1:    r8:r8     = 'java/lang/String'
  # parm2:    r9:r9     = '[B'
  # parm3:    rdi       = int
  # parm4:    rsi       = int
  # parm5:    rcx:rcx   = 'java/security/ProtectionDomain'
  # parm6:    [sp+0xa0]   = 'java/lang/String'  (sp of caller)
  0x00000213cb381a20: 448b 5208 | 49bb 0000 | 0080 1302 | 0000 4d03 | d349 3bc2 | 0f84 0600 

  0x00000213cb381a38: ;   {runtime_call ic_miss_stub}
  0x00000213cb381a38: 0000 e941 | f6bd ff90 
[Verified Entry Point]
  0x00000213cb381a40: 8984 2400 | 90ff ff55 | 488b ec48 | 81ec 9000 | 0000 4881 | 7d10 0000 | 0000 488d | 4510 480f 
  0x00000213cb381a60: 4445 1048 | 8944 2440 | 4889 4c24 | 7048 83f9 | 0048 8d44 | 2470 480f | 4444 2470 | 4889 4424 
  0x00000213cb381a80: 3848 8974 | 2430 4889 | 7c24 284c | 894c 2458 | 4983 f900 | 488d 4424 | 5848 0f44 | 4424 5848 
  0x00000213cb381aa0: 8944 2420 | 4c89 4424 | 5049 83f8 | 004c 8d4c | 2450 4c0f | 444c 2450 | 4889 5424 | 4848 83fa 
  0x00000213cb381ac0: 004c 8d44 | 2448 4c0f | 4444 2448 

  0x00000213cb381acc: ;   {oop(a 'java/lang/Class'{0x0000000602ab1558} = 'java/lang/ClassLoader')}
  0x00000213cb381acc: 49be 5815 | ab02 0600 | 0000 4c89 | 7424 784c | 8d74 2478 | 498b d6c5 

  0x00000213cb381ae4: ;   {internal_word}
  0x00000213cb381ae4: f877 49ba | e31a 38cb | 1302 0000 | 4d89 97a0 | 0200 0049 | 89a7 9802 

  0x00000213cb381afc: ;   {external_word}
  0x00000213cb381afc: 0000 49ba | 39b6 359b | fb7f 0000 | 4180 3a00 | 0f84 5200 | 0000 5241 

  0x00000213cb381b14: ;   {metadata({method} {0x0000021380010f28} 'defineClass1' '(Ljava/lang/ClassLoader;Ljava/lang/String;[BIILjava/security/ProtectionDomain;Ljava/lang/String;)Ljava/lang/Class;' in 'java/lang/ClassLoader')}
  0x00000213cb381b14: 5041 5148 | ba20 0f01 | 8013 0200 | 0049 8bcf | 4883 ec20 | f7c4 0f00 | 0000 0f84 | 1a00 0000 
  0x00000213cb381b34: 4883 ec08 

  0x00000213cb381b38: ;   {runtime_call}
  0x00000213cb381b38: 49ba c049 | eb9a fb7f | 0000 41ff | d248 83c4 | 08e9 0d00 

  0x00000213cb381b4c: ;   {runtime_call}
  0x00000213cb381b4c: 0000 49ba | c049 eb9a | fb7f 0000 | 41ff d248 | 83c4 2041 | 5941 585a | 498d 8fb8 | 0200 0041 
  0x00000213cb381b6c: c787 4803 | 0000 0400 

  0x00000213cb381b74: ;   {runtime_call}
  0x00000213cb381b74: 0000 49ba | ac16 2de0 | fb7f 0000 | 41ff d2c5 | f877 41c7 | 8748 0300 | 0005 0000 | 00f0 8344 
  0x00000213cb381b94: 24c0 0049 | 3baf 5003 | 0000 0f87 | 1100 0000 | 4181 bf38 | 0300 0000 | 0000 000f | 842c 0000 
  0x00000213cb381bb4: 00c5 f877 | 4889 45f8 | 498b cf4c | 8be4 4883 | ec20 4883 

  0x00000213cb381bc8: ;   {runtime_call}
  0x00000213cb381bc8: e4f0 49ba | 6067 fb9a | fb7f 0000 | 41ff d249 | 8be4 4d33 | e448 8b45 | f841 c787 | 4803 0000 
  0x00000213cb381be8: 0800 0000 | 4181 bfb8 | 0300 0002 | 0000 000f | 843f 0100 

  0x00000213cb381bfc: ;   {external_word}
  0x00000213cb381bfc: 0049 ba39 | b635 9bfb | 7f00 0041 | 803a 000f | 8450 0000 | 0048 8945 

  0x00000213cb381c14: ;   {metadata({method} {0x0000021380010f28} 'defineClass1' '(Ljava/lang/ClassLoader;Ljava/lang/String;[BIILjava/security/ProtectionDomain;Ljava/lang/String;)Ljava/lang/Class;' in 'java/lang/ClassLoader')}
  0x00000213cb381c14: f848 ba20 | 0f01 8013 | 0200 0049 | 8bcf 4883 | ec20 f7c4 | 0f00 0000 | 0f84 1a00 | 0000 4883 
  0x00000213cb381c34: ;   {runtime_call}
  0x00000213cb381c34: ec08 49ba | c049 eb9a | fb7f 0000 | 41ff d248 | 83c4 08e9 | 0d00 0000 

  0x00000213cb381c4c: ;   {runtime_call}
  0x00000213cb381c4c: 49ba c049 | eb9a fb7f | 0000 41ff | d248 83c4 | 2048 8b45 | f849 c787 | 9802 0000 | 0000 0000 
  0x00000213cb381c6c: 49c7 87a0 | 0200 0000 | 0000 00c5 | f877 4885 | c00f 8493 | 0000 0048 | f7c0 0100 | 0000 0f84 
  0x00000213cb381c8c: 8300 0000 | 488b 40ff | 4180 7f38 | 000f 846f | 0000 0048 | 83f8 000f | 8465 0000 | 0049 8b4f 
  0x00000213cb381cac: 2048 83f9 | 000f 8414 | 0000 0048 | 83e9 0849 | 894f 2049 | 034f 3048 | 8901 e943 | 0000 0050 
  0x00000213cb381ccc: 498b d748 | 8bc8 4883 | ec20 f7c4 | 0f00 0000 | 0f84 1a00 | 0000 4883 

  0x00000213cb381ce4: ;   {runtime_call}
  0x00000213cb381ce4: ec08 49ba | 7051 aa9a | fb7f 0000 | 41ff d248 | 83c4 08e9 | 0d00 0000 

  0x00000213cb381cfc: ;   {runtime_call}
  0x00000213cb381cfc: 49ba 7051 | aa9a fb7f | 0000 41ff | d248 83c4 | 2058 e903 | 0000 0048 | 8b00 498b | 8fd8 0000 
  0x00000213cb381d1c: 00c7 8100 | 0100 0000 | 0000 00c9 | 4981 7f08 | 0000 0000 | 0f85 0100 

  0x00000213cb381d34: ;   {runtime_call StubRoutines (1)}
  0x00000213cb381d34: 0000 c3e9 | c4f1 b8ff | c5f8 7748 | 8945 f84c | 8be4 4883 | ec20 4883 

  0x00000213cb381d4c: ;   {runtime_call}
  0x00000213cb381d4c: e4f0 49ba | 407a eb9a | fb7f 0000 | 41ff d249 | 8be4 4d33 | e448 8b45 | f8e9 93fe | ffff f4f4 
  0x00000213cb381d6c: f4f4 f4f4 
[/MachCode]


Compiled method (c1)    1901 1275       1       java.lang.ClassLoader::defineClass (43 bytes)
 total in heap  [0x00000213cb3a0210,0x00000213cb3a07b0] = 1440
 relocation     [0x00000213cb3a0368,0x00000213cb3a03c8] = 96
 main code      [0x00000213cb3a03e0,0x00000213cb3a0580] = 416
 stub code      [0x00000213cb3a0580,0x00000213cb3a05f8] = 120
 metadata       [0x00000213cb3a05f8,0x00000213cb3a0628] = 48
 scopes data    [0x00000213cb3a0628,0x00000213cb3a06e0] = 184
 scopes pcs     [0x00000213cb3a06e0,0x00000213cb3a0780] = 160
 dependencies   [0x00000213cb3a0780,0x00000213cb3a0788] = 8
 nul chk table  [0x00000213cb3a0788,0x00000213cb3a07b0] = 40

[Constant Pool (empty)]

[MachCode]
[Entry Point]
  # {method} {0x0000021380010cc0} 'defineClass' '(Ljava/lang/String;[BIILjava/security/ProtectionDomain;)Ljava/lang/Class;' in 'java/lang/ClassLoader'
  # this:     rdx:rdx   = 'java/lang/ClassLoader'
  # parm0:    r8:r8     = 'java/lang/String'
  # parm1:    r9:r9     = '[B'
  # parm2:    rdi       = int
  # parm3:    rsi       = int
  # parm4:    rcx:rcx   = 'java/security/ProtectionDomain'
  #           [sp+0xc0]  (sp of caller)
  0x00000213cb3a03e0: 448b 5208 | 49bb 0000 | 0080 1302 | 0000 4d03 | d34c 3bd0 

  0x00000213cb3a03f4: ;   {runtime_call ic_miss_stub}
  0x00000213cb3a03f4: 0f85 860c | bcff 660f | 1f44 0000 
[Verified Entry Point]
  0x00000213cb3a0400: 8984 2400 | 90ff ff55 | 4881 ecb0 | 0000 0048 | 8954 2478 | 89b4 2494 | 0000 0089 | bc24 9000 
  0x00000213cb3a0420: 0000 4c89 | 8c24 8800 | 0000 498b | d84c 8bc3 | 4c8b c948 | 8bca 488b | d148 899c | 2480 0000 
  0x00000213cb3a0440: 0066 0f1f 

  0x00000213cb3a0444: ;   {optimized virtual_call}
  0x00000213cb3a0444: 4400 00e8 

  0x00000213cb3a0448: ; ImmutableOopMap {[120]=Oop [136]=Oop [128]=Oop }
                      ;*invokevirtual preDefineClass {reexecute=0 rethrow=0 return_oop=0}
                      ; - java.lang.ClassLoader::defineClass@4 (line 1015)
  0x00000213cb3a0448: 742a 0000 | 4889 8424 | 9800 0000 

  0x00000213cb3a0454: ; implicit exception: dispatches to 0x00000213cb3a052a
  0x00000213cb3a0454: 448b 4010 | 49c1 e003 | 4983 f800 | 0f85 0f00 

  0x00000213cb3a0464: ;   {oop(NULL)}
  0x00000213cb3a0464: 0000 48bb | 0000 0000 | 0000 0000 | e942 0000 | 0045 8b40 | 0c49 c1e0 | 0349 83f8 | 000f 850f 
  0x00000213cb3a0484: ;   {oop(NULL)}
  0x00000213cb3a0484: 0000 0048 | bb00 0000 | 0000 0000 | 00e9 2100 | 0000 418b | 5038 48c1 | e203 483b | 0266 0f1f 
  0x00000213cb3a04a4: ;   {optimized virtual_call}
  0x00000213cb3a04a4: 4400 00e8 

  0x00000213cb3a04a8: ; ImmutableOopMap {[120]=Oop [136]=Oop [128]=Oop [152]=Oop }
                      ;*invokevirtual toExternalForm {reexecute=0 rethrow=0 return_oop=0}
                      ; - java.net.URL::toExternalForm@5 (line 1039)
                      ; - java.net.URL::toString@1 (line 1025)
                      ; - java.lang.ClassLoader::defineClassSourceLocation@22 (line 917)
                      ; - java.lang.ClassLoader::defineClass@12 (line 1016)
  0x00000213cb3a04a8: 740f fbff | 488b d848 | 8b84 2498 | 0000 008b | b424 9400 | 0000 8bbc | 2490 0000 | 004c 8b8c 
  0x00000213cb3a04c8: 2488 0000 | 004c 8b84 | 2480 0000 | 0048 8b54 | 2478 4c8b | da49 8bd3 | 488b c848 

  0x00000213cb3a04e4: ;   {static_call}
  0x00000213cb3a04e4: 891c 24e8 

  0x00000213cb3a04e8: ; ImmutableOopMap {[152]=Oop [120]=Oop }
                      ;*invokestatic defineClass1 {reexecute=0 rethrow=0 return_oop=0}
                      ; - java.lang.ClassLoader::defineClass@27 (line 1017)
  0x00000213cb3a04e8: 5415 feff | 4c8b c04c | 8b8c 2498 | 0000 0048 | 8b54 2478 | 4889 8424 | a000 0000 

  0x00000213cb3a0504: ;   {optimized virtual_call}
  0x00000213cb3a0504: 6666 90e8 

  0x00000213cb3a0508: ; ImmutableOopMap {[160]=Oop }
                      ;*invokevirtual postDefineClass {reexecute=0 rethrow=0 return_oop=0}
                      ; - java.lang.ClassLoader::defineClass@37 (line 1018)
  0x00000213cb3a0508: f499 feff | 488b 8424 | a000 0000 | 4881 c4b0 | 0000 005d 

  0x00000213cb3a051c: ;   {poll_return}
  0x00000213cb3a051c: 493b a750 | 0300 000f | 8715 0000 

  0x00000213cb3a0528: ;   {runtime_call throw_null_pointer_exception Runtime1 stub}
  0x00000213cb3a0528: 00c3 e8f1 

  0x00000213cb3a052c: ; ImmutableOopMap {[120]=Oop [136]=Oop [128]=Oop rax=Oop [152]=Oop }
                      ;*invokevirtual getCodeSource {reexecute=0 rethrow=0 return_oop=0}
                      ; - java.lang.ClassLoader::defineClassSourceLocation@1 (line 914)
                      ; - java.lang.ClassLoader::defineClass@12 (line 1016)
                      ;   {runtime_call throw_null_pointer_exception Runtime1 stub}
  0x00000213cb3a052c: 1fc6 ffe8 

  0x00000213cb3a0530: ; ImmutableOopMap {[120]=Oop [136]=Oop [128]=Oop rax=Oop [152]=Oop }
                      ;*invokevirtual getLocation {reexecute=0 rethrow=0 return_oop=0}
                      ; - java.lang.ClassLoader::defineClassSourceLocation@12 (line 916)
                      ; - java.lang.ClassLoader::defineClass@12 (line 1016)
  0x00000213cb3a0530: ec1f c6ff 

  0x00000213cb3a0534: ;   {runtime_call throw_null_pointer_exception Runtime1 stub}
  0x00000213cb3a0534: e8e7 1fc6 

  0x00000213cb3a0538: ; ImmutableOopMap {[120]=Oop [136]=Oop [128]=Oop [152]=Oop r8=Oop }
                      ;*invokevirtual toString {reexecute=0 rethrow=0 return_oop=0}
                      ; - java.lang.ClassLoader::defineClassSourceLocation@22 (line 917)
                      ; - java.lang.ClassLoader::defineClass@12 (line 1016)
                      ;   {runtime_call throw_null_pointer_exception Runtime1 stub}
  0x00000213cb3a0538: ffe8 e21f 

  0x00000213cb3a053c: ; ImmutableOopMap {[120]=Oop [136]=Oop [128]=Oop [152]=Oop r8=Oop rdx=Oop }
                      ;*invokevirtual toExternalForm {reexecute=0 rethrow=0 return_oop=0}
                      ; - java.net.URL::toExternalForm@5 (line 1039)
                      ; - java.net.URL::toString@1 (line 1025)
                      ; - java.lang.ClassLoader::defineClassSourceLocation@22 (line 917)
                      ; - java.lang.ClassLoader::defineClass@12 (line 1016)
                      ;   {internal_word}
  0x00000213cb3a053c: c6ff 49ba | 1c05 3acb | 1302 0000 | 4d89 9768 

  0x00000213cb3a054c: ;   {runtime_call SafepointBlob}
  0x00000213cb3a054c: 0300 00e9 | ac74 bcff | 9090 498b | 87e0 0300 | 0049 c787 | e003 0000 | 0000 0000 | 49c7 87e8 
  0x00000213cb3a056c: 0300 0000 | 0000 0048 | 81c4 b000 

  0x00000213cb3a0578: ;   {runtime_call unwind_exception Runtime1 stub}
  0x00000213cb3a0578: 0000 5de9 | 800a c6ff 
[Stub Code]
  0x00000213cb3a0580: ;   {no_reloc}
  0x00000213cb3a0580: 0f1f 4400 

  0x00000213cb3a0584: ;   {static_stub}
  0x00000213cb3a0584: 0048 bb00 | 0000 0000 

  0x00000213cb3a058c: ;   {runtime_call}
  0x00000213cb3a058c: 0000 00e9 | fbff ffff 

  0x00000213cb3a0594: ;   {static_stub}
  0x00000213cb3a0594: 9048 bb00 | 0000 0000 

  0x00000213cb3a059c: ;   {runtime_call}
  0x00000213cb3a059c: 0000 00e9 | fbff ffff 

  0x00000213cb3a05a4: ;   {static_stub}
  0x00000213cb3a05a4: 9048 bb00 | 0000 0000 

  0x00000213cb3a05ac: ;   {runtime_call}
  0x00000213cb3a05ac: 0000 00e9 | fbff ffff 

  0x00000213cb3a05b4: ;   {static_stub}
  0x00000213cb3a05b4: 9048 bb00 | 0000 0000 

  0x00000213cb3a05bc: ;   {runtime_call}
  0x00000213cb3a05bc: 0000 00e9 | fbff ffff 
[Exception Handler]
  0x00000213cb3a05c4: ;   {runtime_call handle_exception_from_callee Runtime1 stub}
  0x00000213cb3a05c4: e837 3dc6 

  0x00000213cb3a05c8: ;   {external_word}
  0x00000213cb3a05c8: ff48 b930 | ca0f 9bfb | 7f00 0048 

  0x00000213cb3a05d4: ;   {runtime_call}
  0x00000213cb3a05d4: 83e4 f049 | ba40 48d8 | 9afb 7f00 | 0041 ffd2 

  0x00000213cb3a05e4: ;   {section_word}
  0x00000213cb3a05e4: f449 bae5 | 053a cb13 | 0200 0041 

  0x00000213cb3a05f0: ;   {runtime_call DeoptimizationBlob}
  0x00000213cb3a05f0: 52e9 aa66 | bcff f4f4 
[/MachCode]


Compiled method (c1)    1908 1197       1       jdk.internal.loader.BuiltinClassLoader::defineClass (121 bytes)
 total in heap  [0x00000213cb385090,0x00000213cb385f28] = 3736
 relocation     [0x00000213cb3851e8,0x00000213cb385318] = 304
 main code      [0x00000213cb385320,0x00000213cb385960] = 1600
 stub code      [0x00000213cb385960,0x00000213cb385aa8] = 328
 metadata       [0x00000213cb385aa8,0x00000213cb385af0] = 72
 scopes data    [0x00000213cb385af0,0x00000213cb385d48] = 600
 scopes pcs     [0x00000213cb385d48,0x00000213cb385ee8] = 416
 dependencies   [0x00000213cb385ee8,0x00000213cb385ef0] = 8
 handler table  [0x00000213cb385ef0,0x00000213cb385f08] = 24
 nul chk table  [0x00000213cb385f08,0x00000213cb385f28] = 32

[Constant Pool (empty)]

[MachCode]
[Entry Point]
  # {method} {0x0000021380435e78} 'defineClass' '(Ljava/lang/String;Ljdk/internal/loader/Resource;)Ljava/lang/Class;' in 'jdk/internal/loader/BuiltinClassLoader'
  # this:     rdx:rdx   = 'jdk/internal/loader/BuiltinClassLoader'
  # parm0:    r8:r8     = 'java/lang/String'
  # parm1:    r9:r9     = 'jdk/internal/loader/Resource'
  #           [sp+0x110]  (sp of caller)
  0x00000213cb385320: 448b 5208 | 49bb 0000 | 0080 1302 | 0000 4d03 | d34c 3bd0 

  0x00000213cb385334: ;   {runtime_call ic_miss_stub}
  0x00000213cb385334: 0f85 46bd | bdff 660f | 1f44 0000 
[Verified Entry Point]
  0x00000213cb385340: 8984 2400 | 90ff ff55 | 4881 ec00 | 0100 0048 | 8994 24a0 | 0000 004c | 8984 2490 | 0000 004c 
  0x00000213cb385360: 898c 2498 | 0000 0049 | 8bd1 6666 | 9048 b848 | 8e19 8013 

  0x00000213cb385374: ;   {virtual_call}
  0x00000213cb385374: 0200 00e8 

  0x00000213cb385378: ; ImmutableOopMap {[152]=Oop [160]=Oop [144]=Oop }
                      ;*invokevirtual getCodeSourceURL {reexecute=0 rethrow=0 return_oop=0}
                      ; - jdk.internal.loader.BuiltinClassLoader::defineClass@1 (line 842)
  0x00000213cb385378: 24ba 0100 | 4889 8424 | a800 0000 | 4c8b 8424 | 9000 0000 

  0x00000213cb38538c: ; implicit exception: dispatches to 0x00000213cb385853
  0x00000213cb38538c: 418b 7014 | 48c1 e603 

  0x00000213cb385394: ; implicit exception: dispatches to 0x00000213cb385858
  0x00000213cb385394: 8b56 0c45 | 0fbe 4810 | 498b c9c1 | e118 c1f9 | 18d3 fa48 | 8bfa ffcf | 4183 f900 | ba00 0000 
  0x00000213cb3853b4: 000f 8505 | 0000 00ba | 0100 0000 | 83e2 0183 | fa00 488b | d641 b82e | 0000 004c | 8bcf 0f84 
  0x00000213cb3853d4: 1100 0000 | 0f1f 8000 

  0x00000213cb3853dc: ;   {static_call}
  0x00000213cb3853dc: 0000 00e8 

  0x00000213cb3853e0: ; ImmutableOopMap {[152]=Oop [160]=Oop [168]=Oop [144]=Oop }
                      ;*invokestatic lastIndexOf {reexecute=0 rethrow=0 return_oop=0}
                      ; - java.lang.String::lastIndexOf@13 (line 2489)
                      ; - java.lang.String::lastIndexOf@8 (line 2451)
                      ; - jdk.internal.loader.BuiltinClassLoader::defineClass@8 (line 845)
  0x00000213cb3853e0: bc0b c9ff | e90b 0000 | 0066 0f1f 

  0x00000213cb3853ec: ;   {static_call}
  0x00000213cb3853ec: 4400 00e8 

  0x00000213cb3853f0: ; ImmutableOopMap {[152]=Oop [160]=Oop [168]=Oop [144]=Oop }
                      ;*invokestatic lastIndexOf {reexecute=0 rethrow=0 return_oop=0}
                      ; - java.lang.String::lastIndexOf@25 (line 2490)
                      ; - java.lang.String::lastIndexOf@8 (line 2451)
                      ; - jdk.internal.loader.BuiltinClassLoader::defineClass@8 (line 845)
  0x00000213cb3853f0: 8cc5 bdff | 83f8 ff0f | 8467 0000 | 0041 b800 | 0000 004c | 8bc8 488b | 9424 9000 

  0x00000213cb38540c: ;   {optimized virtual_call}
  0x00000213cb38540c: 0000 90e8 

  0x00000213cb385410: ; ImmutableOopMap {[152]=Oop [160]=Oop [168]=Oop [144]=Oop }
                      ;*invokevirtual substring {reexecute=0 rethrow=0 return_oop=0}
                      ; - jdk.internal.loader.BuiltinClassLoader::defineClass@23 (line 847)
  0x00000213cb385410: ec96 d4ff | 488b 9424 | 9800 0000 | 4889 8424 | b000 0000 | 9048 b848 | 8e19 8013 

  0x00000213cb38542c: ;   {virtual_call}
  0x00000213cb38542c: 0200 00e8 

  0x00000213cb385430: ; ImmutableOopMap {[152]=Oop [160]=Oop [168]=Oop [144]=Oop [176]=Oop }
                      ;*invokevirtual getManifest {reexecute=0 rethrow=0 return_oop=0}
                      ; - jdk.internal.loader.BuiltinClassLoader::defineClass@29 (line 848)
  0x00000213cb385430: 4cd2 0100 | 4c8b 8424 | b000 0000 | 4c8b c848 | 8bbc 24a8 | 0000 0048 | 8b94 24a0 | 0000 0066 
  0x00000213cb385450: 0f1f 4400 | 0048 b870 | c607 8013 

  0x00000213cb38545c: ;   {virtual_call}
  0x00000213cb38545c: 0200 00e8 

  0x00000213cb385460: ; ImmutableOopMap {[152]=Oop [160]=Oop [168]=Oop [144]=Oop }
                      ;*invokevirtual defineOrCheckPackage {reexecute=0 rethrow=0 return_oop=0}
                      ; - jdk.internal.loader.BuiltinClassLoader::defineClass@40 (line 849)
  0x00000213cb385460: bcf0 ffff | 4c8b 8c24 | 9800 0000 | 488d 9424 | e000 0000 | 4c89 4a08 | 498b 0148 | 83c8 0148 
  0x00000213cb385480: 8902 f049 | 0fb1 110f | 8413 0000 | 0048 2bc4 | 4881 e007 | f0ff ff48 | 8902 0f85 | bd03 0000 
  0x00000213cb3854a0: 418b 510c | 48c1 e203 | 4883 fa00 | 0f85 4700 | 0000 498b | d148 b848 | 8e19 8013 

  0x00000213cb3854bc: ;   {virtual_call}
  0x00000213cb3854bc: 0200 00e8 

  0x00000213cb3854c0: ; ImmutableOopMap {[160]=Oop [168]=Oop [144]=Oop [152]=Oop [232]=Oop }
                      ;*invokevirtual getInputStream {reexecute=0 rethrow=0 return_oop=0}
                      ; - jdk.internal.loader.Resource::cachedInputStream@9 (line 77)
                      ; - jdk.internal.loader.Resource::getByteBuffer@1 (line 163)
                      ; - jdk.internal.loader.BuiltinClassLoader::defineClass@45 (line 853)
  0x00000213cb3854c0: 5ceb 0100 | 410f be57 | 3883 fa00 | 4c8b 8c24 | 9800 0000 | 0f85 9603 | 0000 4c8b | d049 c1ea 
  0x00000213cb3854e0: 0345 8951 | 0c49 8bd1 | 4833 d048 | c1ea 1648 | 83fa 000f | 8597 0300 | 0041 8b51 | 0c48 c1e2 
  0x00000213cb385500: 0348 8d84 | 24e0 0000 | 0048 8b30 | 4885 f60f | 840f 0000 | 0048 8b78 | 08f0 480f | b137 0f85 
  0x00000213cb385520: 8403 0000 | 4883 fa00 | 0f84 4400 

  0x00000213cb38552c: ;   {metadata('sun/nio/ByteBuffered')}
  0x00000213cb38552c: 0000 48b8 | b8cb 0d80 | 1302 0000 | 8b5a 0849 | ba00 0000 | 8013 0200 | 0049 03da | 483b 4320 
  0x00000213cb38554c: 0f84 2500 | 0000 483b | d80f 841c | 0000 0053 

  0x00000213cb38555c: ;   {runtime_call slow_subtype_check Runtime1 stub}
  0x00000213cb38555c: 50e8 9ef9 | c7ff 5b5b | 83fb 000f | 8405 0000 | 00e9 0500 | 0000 4833 | f6eb 0a48 | be01 0000 
  0x00000213cb38557c: 0000 0000 | 0083 fe00 | 0f84 6700 | 0000 4883 | fa00 0f84 | 4400 0000 

  0x00000213cb385594: ;   {metadata('sun/nio/ByteBuffered')}
  0x00000213cb385594: 48bb b8cb | 0d80 1302 | 0000 8b7a | 0849 ba00 | 0000 8013 | 0200 0049 | 03fa 483b | 5f20 0f84 
  0x00000213cb3855b4: 2000 0000 | 483b fb0f | 8417 0000 

  0x00000213cb3855c0: ;   {runtime_call slow_subtype_check Runtime1 stub}
  0x00000213cb3855c0: 0057 53e8 | 38f9 c7ff | 5f5f 83ff | 000f 84eb | 0200 00e9 | 0000 0000 | 0f1f 4400 | 0048 b8ff 
  0x00000213cb3855e0: ffff ffff 

  0x00000213cb3855e4: ;   {virtual_call}
  0x00000213cb3855e4: ffff ffe8 

  0x00000213cb3855e8: ; ImmutableOopMap {[160]=Oop [168]=Oop [144]=Oop [152]=Oop }
                      ;*invokeinterface getByteBuffer {reexecute=0 rethrow=0 return_oop=0}
                      ; - jdk.internal.loader.Resource::getByteBuffer@16 (line 165)
                      ; - jdk.internal.loader.BuiltinClassLoader::defineClass@45 (line 853)
  0x00000213cb3855e8: 94c0 bdff | e90a 0000 

  0x00000213cb3855f0: ;   {oop(NULL)}
  0x00000213cb3855f0: 0048 b800 | 0000 0000 | 0000 0048 | 83f8 000f | 84e5 0000 | 0048 8984 | 24b8 0000 | 0048 8b94 
  0x00000213cb385610: 2498 0000 | 0048 b8ff | ffff ffff 

  0x00000213cb38561c: ;   {virtual_call}
  0x00000213cb38561c: ffff ffe8 

  0x00000213cb385620: ; ImmutableOopMap {[160]=Oop [168]=Oop [144]=Oop [184]=Oop }
                      ;*invokevirtual getCodeSigners {reexecute=0 rethrow=0 return_oop=0}
                      ; - jdk.internal.loader.BuiltinClassLoader::defineClass@56 (line 855)
  0x00000213cb385620: 5cc0 bdff 

  0x00000213cb385624: ;   {metadata('java/security/CodeSource')}
  0x00000213cb385624: 4c8b c848 | bab0 ee00 | 8013 0200 | 0049 8b87 | 0801 0000 | 488d 7828 | 493b bf18 | 0100 000f 
  0x00000213cb385644: 877e 0200 | 0049 89bf | 0801 0000 | 48c7 0001 | 0000 0048 | 8bca 49ba | 0000 0080 | 1302 0000 
  0x00000213cb385664: 492b ca89 | 4808 4833 | c989 480c | 4833 c948 | 8948 1048 | 8948 1848 | 8948 204c | 8b84 24a8 
  0x00000213cb385684: 0000 0048 | 8bd0 4889 | 8424 c000 | 0000 0f1f 

  0x00000213cb385694: ;   {optimized virtual_call}
  0x00000213cb385694: 4400 00e8 

  0x00000213cb385698: ; ImmutableOopMap {[160]=Oop [144]=Oop [184]=Oop [192]=Oop }
                      ;*invokespecial <init> {reexecute=0 rethrow=0 return_oop=0}
                      ; - jdk.internal.loader.BuiltinClassLoader::defineClass@68 (line 856)
  0x00000213cb385698: e4bc bdff | 4c8b 8424 | c000 0000 | 488b 9424 | a000 0000 

  0x00000213cb3856ac: ;   {optimized virtual_call}
  0x00000213cb3856ac: 6666 90e8 

  0x00000213cb3856b0: ; ImmutableOopMap {[160]=Oop [144]=Oop [184]=Oop }
                      ;*invokevirtual getProtectionDomain {reexecute=0 rethrow=0 return_oop=0}
                      ; - java.security.SecureClassLoader::defineClass@5 (line 182)
                      ; - jdk.internal.loader.BuiltinClassLoader::defineClass@79 (line 857)
  0x00000213cb3856b0: ccbc bdff | 4c8b 8424 | 9000 0000 | 4c8b 8c24 | b800 0000 | 488b f848 | 8b94 24a0 

  0x00000213cb3856cc: ;   {optimized virtual_call}
  0x00000213cb3856cc: 0000 00e8 

  0x00000213cb3856d0: ; ImmutableOopMap {}
                      ;*invokevirtual defineClass {reexecute=0 rethrow=0 return_oop=0}
                      ; - java.security.SecureClassLoader::defineClass@8 (line 182)
                      ; - jdk.internal.loader.BuiltinClassLoader::defineClass@79 (line 857)
  0x00000213cb3856d0: acbc bdff | 4881 c400 | 0100 005d 

  0x00000213cb3856dc: ;   {poll_return}
  0x00000213cb3856dc: 493b a750 | 0300 000f | 87eb 0100 | 00c3 4c8b | 8c24 9800 | 0000 498b | d148 b848 | 8e19 8013 
  0x00000213cb3856fc: ;   {virtual_call}
  0x00000213cb3856fc: 0200 00e8 

  0x00000213cb385700: ; ImmutableOopMap {[160]=Oop [144]=Oop [152]=Oop [168]=Oop }
                      ;*invokevirtual getBytes {reexecute=0 rethrow=0 return_oop=0}
                      ; - jdk.internal.loader.BuiltinClassLoader::defineClass@84 (line 859)
  0x00000213cb385700: dcff 0100 | 4889 8424 | c800 0000 | 488b 9424 | 9800 0000 | 9048 b848 | 8e19 8013 

  0x00000213cb38571c: ;   {virtual_call}
  0x00000213cb38571c: 0200 00e8 

  0x00000213cb385720: ; ImmutableOopMap {[160]=Oop [144]=Oop [168]=Oop [200]=Oop }
                      ;*invokevirtual getCodeSigners {reexecute=0 rethrow=0 return_oop=0}
                      ; - jdk.internal.loader.BuiltinClassLoader::defineClass@90 (line 860)
  0x00000213cb385720: 7c44 0000 

  0x00000213cb385724: ;   {metadata('java/security/CodeSource')}
  0x00000213cb385724: 4c8b c848 | bab0 ee00 | 8013 0200 | 0049 8b87 | 0801 0000 | 488d 7828 | 493b bf18 | 0100 000f 
  0x00000213cb385744: 87a1 0100 | 0049 89bf | 0801 0000 | 48c7 0001 | 0000 0048 | 8bca 49ba | 0000 0080 | 1302 0000 
  0x00000213cb385764: 492b ca89 | 4808 4833 | c989 480c | 4833 c948 | 8948 1048 | 8948 1848 | 8948 204c | 8b84 24a8 
  0x00000213cb385784: 0000 0048 | 8bd0 4889 | 8424 d000 | 0000 0f1f 

  0x00000213cb385794: ;   {optimized virtual_call}
  0x00000213cb385794: 4400 00e8 

  0x00000213cb385798: ; ImmutableOopMap {[160]=Oop [144]=Oop [200]=Oop [208]=Oop }
                      ;*invokespecial <init> {reexecute=0 rethrow=0 return_oop=0}
                      ; - jdk.internal.loader.BuiltinClassLoader::defineClass@102 (line 861)
  0x00000213cb385798: e49b 0100 | 488b 8424 | c800 0000 

  0x00000213cb3857a4: ; implicit exception: dispatches to 0x00000213cb3858f7
  0x00000213cb3857a4: 8b70 0c4c | 8b84 24d0 | 0000 0048 | 8b94 24a0 | 0000 0089 | b424 d800 

  0x00000213cb3857bc: ;   {optimized virtual_call}
  0x00000213cb3857bc: 0000 90e8 

  0x00000213cb3857c0: ; ImmutableOopMap {[160]=Oop [144]=Oop [200]=Oop }
                      ;*invokevirtual getProtectionDomain {reexecute=0 rethrow=0 return_oop=0}
                      ; - java.security.SecureClassLoader::defineClass@9 (line 150)
                      ; - jdk.internal.loader.BuiltinClassLoader::defineClass@117 (line 862)
  0x00000213cb3857c0: 1ca2 0100 | 4c8b 8424 | 9000 0000 | 4c8b 8c24 | c800 0000 | bf00 0000 | 008b b424 | d800 0000 
  0x00000213cb3857e0: 488b c848 | 8b94 24a0 | 0000 000f 

  0x00000213cb3857ec: ;   {optimized virtual_call}
  0x00000213cb3857ec: 1f40 00e8 

  0x00000213cb3857f0: ; ImmutableOopMap {}
                      ;*invokevirtual defineClass {reexecute=0 rethrow=0 return_oop=0}
                      ; - java.security.SecureClassLoader::defineClass@12 (line 150)
                      ; - jdk.internal.loader.BuiltinClassLoader::defineClass@117 (line 862)
  0x00000213cb3857f0: 0cac 0100 | 4881 c400 | 0100 005d 

  0x00000213cb3857fc: ;   {poll_return}
  0x00000213cb3857fc: 493b a750 | 0300 000f | 87f3 0000 | 00c3 498b | 87e0 0300 | 004d 33d2 | 4d89 97e0 | 0300 004d 
  0x00000213cb38581c: 33d2 4d89 | 97e8 0300 | 0048 8bf0 | 488d 8424 | e000 0000 | 488b 3848 | 85ff 0f84 | 0f00 0000 
  0x00000213cb38583c: 488b 5808 | f048 0fb1 | 3b0f 85c7 | 0000 0048 | 8bc6 e9f4 

  0x00000213cb385850: ;   {runtime_call throw_null_pointer_exception Runtime1 stub}
  0x00000213cb385850: 0000 00e8 

  0x00000213cb385854: ; ImmutableOopMap {[152]=Oop [160]=Oop rax=Oop [168]=Oop r8=Oop [144]=Oop }
                      ;*invokevirtual lastIndexOf {reexecute=0 rethrow=0 return_oop=0}
                      ; - jdk.internal.loader.BuiltinClassLoader::defineClass@8 (line 845)
  0x00000213cb385854: c8cc c7ff 

  0x00000213cb385858: ;   {runtime_call throw_null_pointer_exception Runtime1 stub}
  0x00000213cb385858: e8c3 ccc7 

  0x00000213cb38585c: ; ImmutableOopMap {[152]=Oop [160]=Oop rax=Oop [168]=Oop r8=Oop [144]=Oop rsi=Oop }
                      ;*arraylength {reexecute=0 rethrow=0 return_oop=0}
                      ; - java.lang.String::length@4 (line 1481)
                      ; - java.lang.String::lastIndexOf@3 (line 2451)
                      ; - jdk.internal.loader.BuiltinClassLoader::defineClass@8 (line 845)
  0x00000213cb38585c: ff4c 894c | 2408 4889 

  0x00000213cb385864: ;   {runtime_call monitorenter_nofpu Runtime1 stub}
  0x00000213cb385864: 1424 e895 

  0x00000213cb385868: ; ImmutableOopMap {[160]=Oop [168]=Oop [144]=Oop r9=Oop [152]=Oop [232]=Oop }
                      ;*synchronization entry
                      ; - jdk.internal.loader.Resource::cachedInputStream@-1 (line 76)
                      ; - jdk.internal.loader.Resource::getByteBuffer@1 (line 163)
                      ; - jdk.internal.loader.BuiltinClassLoader::defineClass@45 (line 853)
  0x00000213cb385868: fcc7 ffe9 | 30fc ffff | 418b 510c | 48c1 e203 | 4883 fa00 | 0f84 58fc | ffff 4889 

  0x00000213cb385884: ;   {runtime_call g1_pre_barrier_slow}
  0x00000213cb385884: 1424 e875 | 23c8 ffe9 | 4afc ffff | 4883 f800 | 0f84 5ffc | ffff 4c89 

  0x00000213cb38589c: ;   {runtime_call g1_post_barrier_slow}
  0x00000213cb38589c: 0c24 e85d | 29c8 ffe9 | 51fc ffff | 488d 8424 | e000 0000 | 4889 0424 

  0x00000213cb3858b4: ;   {runtime_call monitorexit_nofpu Runtime1 stub}
  0x00000213cb3858b4: e847 02c8 | ffe9 66fc | ffff 4889 

  0x00000213cb3858c0: ;   {runtime_call throw_class_cast_exception Runtime1 stub}
  0x00000213cb3858c0: 1424 e859 

  0x00000213cb3858c4: ; ImmutableOopMap {[160]=Oop [168]=Oop [144]=Oop [152]=Oop }
                      ;*checkcast {reexecute=0 rethrow=0 return_oop=0}
                      ; - jdk.internal.loader.Resource::getByteBuffer@13 (line 165)
                      ; - jdk.internal.loader.BuiltinClassLoader::defineClass@45 (line 853)
  0x00000213cb3858c4: f0c7 ff48 

  0x00000213cb3858c8: ;   {runtime_call fast_new_instance Runtime1 stub}
  0x00000213cb3858c8: 8bd2 e831 

  0x00000213cb3858cc: ; ImmutableOopMap {[160]=Oop [168]=Oop [144]=Oop [184]=Oop r9=Oop }
                      ;*new {reexecute=0 rethrow=0 return_oop=0}
                      ; - jdk.internal.loader.BuiltinClassLoader::defineClass@61 (line 856)
  0x00000213cb3858cc: d5c7 ffe9 | abfd ffff 

  0x00000213cb3858d4: ;   {internal_word}
  0x00000213cb3858d4: 49ba dc56 | 38cb 1302 | 0000 4d89 | 9768 0300 

  0x00000213cb3858e4: ;   {runtime_call SafepointBlob}
  0x00000213cb3858e4: 00e9 1621 | beff 488b 

  0x00000213cb3858ec: ;   {runtime_call fast_new_instance Runtime1 stub}
  0x00000213cb3858ec: d2e8 0ed5 

  0x00000213cb3858f0: ; ImmutableOopMap {[160]=Oop [144]=Oop [168]=Oop [200]=Oop r9=Oop }
                      ;*new {reexecute=0 rethrow=0 return_oop=0}
                      ; - jdk.internal.loader.BuiltinClassLoader::defineClass@95 (line 861)
  0x00000213cb3858f0: c7ff e988 

  0x00000213cb3858f4: ;   {runtime_call throw_null_pointer_exception Runtime1 stub}
  0x00000213cb3858f4: feff ffe8 

  0x00000213cb3858f8: ; ImmutableOopMap {[160]=Oop [144]=Oop [208]=Oop rax=Oop [200]=Oop }
                      ;*arraylength {reexecute=0 rethrow=0 return_oop=0}
                      ; - jdk.internal.loader.BuiltinClassLoader::defineClass@114 (line 862)
  0x00000213cb3858f8: 24cc c7ff 

  0x00000213cb3858fc: ;   {internal_word}
  0x00000213cb3858fc: 49ba fc57 | 38cb 1302 | 0000 4d89 | 9768 0300 

  0x00000213cb38590c: ;   {runtime_call SafepointBlob}
  0x00000213cb38590c: 00e9 ee20 | beff 488d | 8424 e000 | 0000 4889 

  0x00000213cb38591c: ;   {runtime_call monitorexit_nofpu Runtime1 stub}
  0x00000213cb38591c: 0424 e8dd | 01c8 ffe9 | 23ff ffff | 9090 498b | 87e0 0300 | 0049 c787 | e003 0000 | 0000 0000 
  0x00000213cb38593c: 49c7 87e8 | 0300 0000 | 0000 0048 | 81c4 0001 

  0x00000213cb38594c: ;   {runtime_call unwind_exception Runtime1 stub}
  0x00000213cb38594c: 0000 5de9 | acb6 c7ff | f4f4 f4f4 | f4f4 f4f4 | f4f4 f4f4 
[Stub Code]
  0x00000213cb385960: ;   {no_reloc}
  0x00000213cb385960: 0f1f 4400 

  0x00000213cb385964: ;   {static_stub}
  0x00000213cb385964: 0048 bb00 | 0000 0000 

  0x00000213cb38596c: ;   {runtime_call}
  0x00000213cb38596c: 0000 00e9 | fbff ffff 

  0x00000213cb385974: ;   {static_stub}
  0x00000213cb385974: 9048 bb00 | 0000 0000 

  0x00000213cb38597c: ;   {runtime_call}
  0x00000213cb38597c: 0000 00e9 | fbff ffff 

  0x00000213cb385984: ;   {static_stub}
  0x00000213cb385984: 9048 bb00 | 0000 0000 

  0x00000213cb38598c: ;   {runtime_call}
  0x00000213cb38598c: 0000 00e9 | fbff ffff 

  0x00000213cb385994: ;   {static_stub}
  0x00000213cb385994: 9048 bb00 | 0000 0000 

  0x00000213cb38599c: ;   {runtime_call}
  0x00000213cb38599c: 0000 00e9 | fbff ffff 

  0x00000213cb3859a4: ;   {static_stub}
  0x00000213cb3859a4: 9048 bb00 | 0000 0000 

  0x00000213cb3859ac: ;   {runtime_call}
  0x00000213cb3859ac: 0000 00e9 | fbff ffff 

  0x00000213cb3859b4: ;   {static_stub}
  0x00000213cb3859b4: 9048 bb00 | 0000 0000 

  0x00000213cb3859bc: ;   {runtime_call}
  0x00000213cb3859bc: 0000 00e9 | fbff ffff 

  0x00000213cb3859c4: ;   {static_stub}
  0x00000213cb3859c4: 9048 bb00 | 0000 0000 

  0x00000213cb3859cc: ;   {runtime_call}
  0x00000213cb3859cc: 0000 00e9 | fbff ffff 

  0x00000213cb3859d4: ;   {static_stub}
  0x00000213cb3859d4: 9048 bb00 | 0000 0000 

  0x00000213cb3859dc: ;   {runtime_call}
  0x00000213cb3859dc: 0000 00e9 | fbff ffff 

  0x00000213cb3859e4: ;   {static_stub}
  0x00000213cb3859e4: 9048 bb00 | 0000 0000 

  0x00000213cb3859ec: ;   {runtime_call}
  0x00000213cb3859ec: 0000 00e9 | fbff ffff 

  0x00000213cb3859f4: ;   {static_stub}
  0x00000213cb3859f4: 9048 bb00 | 0000 0000 

  0x00000213cb3859fc: ;   {runtime_call}
  0x00000213cb3859fc: 0000 00e9 | fbff ffff 

  0x00000213cb385a04: ;   {static_stub}
  0x00000213cb385a04: 9048 bb00 | 0000 0000 

  0x00000213cb385a0c: ;   {runtime_call}
  0x00000213cb385a0c: 0000 00e9 | fbff ffff 

  0x00000213cb385a14: ;   {static_stub}
  0x00000213cb385a14: 9048 bb00 | 0000 0000 

  0x00000213cb385a1c: ;   {runtime_call}
  0x00000213cb385a1c: 0000 00e9 | fbff ffff 

  0x00000213cb385a24: ;   {static_stub}
  0x00000213cb385a24: 9048 bb00 | 0000 0000 

  0x00000213cb385a2c: ;   {runtime_call}
  0x00000213cb385a2c: 0000 00e9 | fbff ffff 

  0x00000213cb385a34: ;   {static_stub}
  0x00000213cb385a34: 9048 bb00 | 0000 0000 

  0x00000213cb385a3c: ;   {runtime_call}
  0x00000213cb385a3c: 0000 00e9 | fbff ffff 

  0x00000213cb385a44: ;   {static_stub}
  0x00000213cb385a44: 9048 bb88 | 2442 8013 

  0x00000213cb385a4c: ;   {runtime_call I2C/C2I adapters}
  0x00000213cb385a4c: 0200 00e9 | 8d7f bdff 

  0x00000213cb385a54: ;   {static_stub}
  0x00000213cb385a54: 9048 bb48 | 4643 8013 

  0x00000213cb385a5c: ;   {runtime_call I2C/C2I adapters}
  0x00000213cb385a5c: 0200 00e9 | f90b beff 

  0x00000213cb385a64: ;   {static_stub}
  0x00000213cb385a64: 9048 bbb8 | 0c01 8013 

  0x00000213cb385a6c: ;   {runtime_call I2C/C2I adapters}
  0x00000213cb385a6c: 0200 00e9 | 771c bdff 
[Exception Handler]
  0x00000213cb385a74: ;   {runtime_call handle_exception_from_callee Runtime1 stub}
  0x00000213cb385a74: e887 e8c7 

  0x00000213cb385a78: ;   {external_word}
  0x00000213cb385a78: ff48 b930 | ca0f 9bfb | 7f00 0048 

  0x00000213cb385a84: ;   {runtime_call}
  0x00000213cb385a84: 83e4 f049 | ba40 48d8 | 9afb 7f00 | 0041 ffd2 

  0x00000213cb385a94: ;   {section_word}
  0x00000213cb385a94: f449 ba95 | 5a38 cb13 | 0200 0041 

  0x00000213cb385aa0: ;   {runtime_call DeoptimizationBlob}
  0x00000213cb385aa0: 52e9 fa11 | beff f4f4 
[/MachCode]


---------------  P R O C E S S  ---------------

Threads class SMR info:
_java_thread_list=0x00000213e9907630, length=19, elements={
0x00000213c1bf9e50, 0x00000213e18e7dd0, 0x00000213e18e8c50, 0x00000213e18fd8f0,
0x00000213e18fe4b0, 0x00000213e1903660, 0x00000213e1900f70, 0x00000213e1902720,
0x00000213e4251fe0, 0x00000213e4231470, 0x00000213e431ddd0, 0x00000213e4a6b9f0,
0x00000213e4a6bed0, 0x00000213e4b56f60, 0x00000213e4b47430, 0x00000213e4b44f40,
0x00000213e96280f0, 0x00000213e9647ad0, 0x00000213e96e9850
}

Java Threads: ( => current thread )
  0x00000213c1bf9e50 JavaThread "main" [_thread_in_vm, id=14912, stack(0x0000005067700000,0x0000005067800000)]
  0x00000213e18e7dd0 JavaThread "Reference Handler" daemon [_thread_blocked, id=31608, stack(0x0000005067e00000,0x0000005067f00000)]
  0x00000213e18e8c50 JavaThread "Finalizer" daemon [_thread_blocked, id=18908, stack(0x0000005067f00000,0x0000005068000000)]
  0x00000213e18fd8f0 JavaThread "Signal Dispatcher" daemon [_thread_blocked, id=19124, stack(0x0000005068000000,0x0000005068100000)]
  0x00000213e18fe4b0 JavaThread "Attach Listener" daemon [_thread_blocked, id=14408, stack(0x0000005068100000,0x0000005068200000)]
  0x00000213e1903660 JavaThread "Service Thread" daemon [_thread_blocked, id=18288, stack(0x0000005068200000,0x0000005068300000)]
  0x00000213e1900f70 JavaThread "Monitor Deflation Thread" daemon [_thread_blocked, id=17680, stack(0x0000005068300000,0x0000005068400000)]
  0x00000213e1902720 JavaThread "C1 CompilerThread0" daemon [_thread_blocked, id=10676, stack(0x0000005068400000,0x0000005068500000)]
  0x00000213e4251fe0 JavaThread "Sweeper thread" daemon [_thread_blocked, id=27468, stack(0x0000005068500000,0x0000005068600000)]
  0x00000213e4231470 JavaThread "Common-Cleaner" daemon [_thread_blocked, id=18844, stack(0x0000005068600000,0x0000005068700000)]
  0x00000213e431ddd0 JavaThread "C1 CompilerThread1" daemon [_thread_blocked, id=26024, stack(0x0000005068700000,0x0000005068800000)]
  0x00000213e4a6b9f0 JavaThread "Monitor Ctrl-Break" daemon [_thread_in_native, id=24424, stack(0x0000005068800000,0x0000005068900000)]
  0x00000213e4a6bed0 JavaThread "Notification Thread" daemon [_thread_blocked, id=25828, stack(0x0000005068900000,0x0000005068a00000)]
  0x00000213e4b56f60 JavaThread "C1 CompilerThread2" daemon [_thread_blocked, id=24572, stack(0x0000005068a00000,0x0000005068b00000)]
  0x00000213e4b47430 JavaThread "C1 CompilerThread3" daemon [_thread_blocked, id=22080, stack(0x0000005068b00000,0x0000005068c00000)]
  0x00000213e4b44f40 JavaThread "RMI TCP Accept-0" daemon [_thread_in_native, id=2100, stack(0x0000005068c00000,0x0000005068d00000)]
  0x00000213e96280f0 JavaThread "RMI TCP Connection(1)-192.168.1.14" daemon [_thread_in_native, id=20736, stack(0x0000005069600000,0x0000005069700000)]
  0x00000213e9647ad0 JavaThread "RMI Scheduler(0)" daemon [_thread_blocked, id=17332, stack(0x0000005069700000,0x0000005069800000)]
=>0x00000213e96e9850 JavaThread "background-preinit" [_thread_in_vm, id=24316, stack(0x0000005069800000,0x0000005069900000)]

Other Threads:
  0x00000213e18e4b20 VMThread "VM Thread" [stack: 0x0000005067d00000,0x0000005067e00000] [id=5272]
  0x00000213c1bfacd0 WatcherThread [stack: 0x0000005068d00000,0x0000005068e00000] [id=7852]
  0x00000213e1770c90 GCTaskThread "GC Thread#0" [stack: 0x0000005067800000,0x0000005067900000] [id=2324]
  0x00000213e4df66f0 GCTaskThread "GC Thread#1" [stack: 0x0000005068e00000,0x0000005068f00000] [id=30460]
  0x00000213e4de12b0 GCTaskThread "GC Thread#2" [stack: 0x0000005068f00000,0x0000005069000000] [id=29704]
  0x00000213e4de1b80 GCTaskThread "GC Thread#3" [stack: 0x0000005069000000,0x0000005069100000] [id=21496]
  0x00000213e4e70ee0 GCTaskThread "GC Thread#4" [stack: 0x0000005069100000,0x0000005069200000] [id=20192]
  0x00000213e4e71a30 GCTaskThread "GC Thread#5" [stack: 0x0000005069200000,0x0000005069300000] [id=22188]
  0x00000213e4e72300 GCTaskThread "GC Thread#6" [stack: 0x0000005069300000,0x0000005069400000] [id=720]
  0x00000213e4e725c0 GCTaskThread "GC Thread#7" [stack: 0x0000005069400000,0x0000005069500000] [id=24836]
  0x00000213c1c77e20 ConcurrentGCThread "G1 Main Marker" [stack: 0x0000005067900000,0x0000005067a00000] [id=30024]
  0x00000213c1c78840 ConcurrentGCThread "G1 Conc#0" [stack: 0x0000005067a00000,0x0000005067b00000] [id=2800]
  0x00000213e1821b30 ConcurrentGCThread "G1 Refine#0" [stack: 0x0000005067b00000,0x0000005067c00000] [id=1836]
  0x00000213e4e78d00 ConcurrentGCThread "G1 Refine#1" [stack: 0x0000005069500000,0x0000005069600000] [id=27616]
  0x00000213e1822560 ConcurrentGCThread "G1 Service" [stack: 0x0000005067c00000,0x0000005067d00000] [id=27576]

Threads with active compile tasks:

VM state: not at safepoint (normal execution)

VM Mutex/Monitor currently owned by a thread:  ([mutex/lock_event])
[0x00000213c1bf3770] Metaspace_lock - owner thread: 0x00000213e96e9850

Heap address: 0x0000000602400000, size: 8156 MB, Compressed Oops mode: Zero based, Oop shift amount: 3

CDS archive(s) mapped at: [0x0000021380000000-0x0000021380bb0000-0x0000021380bb0000), size 12255232, SharedBaseAddress: 0x0000021380000000, ArchiveRelocationMode: 1.
Compressed class space mapped at: 0x0000021381000000-0x00000213c1000000, reserved size: 1073741824
Narrow klass base: 0x0000021380000000, Narrow klass shift: 0, Narrow klass range: 0x100000000

GC Precious Log:
 CPUs: 8 total, 8 available
 Memory: 32623M
 Large Page Support: Disabled
 NUMA Support: Disabled
 Compressed Oops: Enabled (Zero based)
 Heap Region Size: 4M
 Heap Min Capacity: 8M
 Heap Initial Capacity: 512M
 Heap Max Capacity: 8156M
 Pre-touch: Disabled
 Parallel Workers: 8
 Concurrent Workers: 2
 Concurrent Refinement Workers: 8
 Periodic GC: Disabled

Heap:
 garbage-first heap   total 524288K, used 51941K [0x0000000602400000, 0x0000000800000000)
  region size 4096K, 12 young (49152K), 1 survivors (4096K)
 Metaspace       used 19057K, committed 19328K, reserved 1114112K
  class space    used 2559K, committed 2688K, reserved 1048576K

Heap Regions: E=young(eden), S=young(survivor), O=old, HS=humongous(starts), HC=humongous(continues), CS=collection set, F=free, OA=open archive, CA=closed archive, TAMS=top-at-mark-start (previous, next)
|   0|0x0000000602400000, 0x0000000602800000, 0x0000000602800000|100%| O|  |TAMS 0x0000000602400000, 0x0000000602400000| Untracked 
|   1|0x0000000602800000, 0x0000000602c00000, 0x0000000602c00000|100%| O|  |TAMS 0x0000000602800000, 0x0000000602800000| Untracked 
|   2|0x0000000602c00000, 0x0000000602cbec00, 0x0000000603000000| 18%| O|  |TAMS 0x0000000602c00000, 0x0000000602c00000| Untracked 
|   3|0x0000000603000000, 0x0000000603000000, 0x0000000603400000|  0%| F|  |TAMS 0x0000000603000000, 0x0000000603000000| Untracked 
|   4|0x0000000603400000, 0x0000000603400000, 0x0000000603800000|  0%| F|  |TAMS 0x0000000603400000, 0x0000000603400000| Untracked 
|   5|0x0000000603800000, 0x0000000603800000, 0x0000000603c00000|  0%| F|  |TAMS 0x0000000603800000, 0x0000000603800000| Untracked 
|   6|0x0000000603c00000, 0x0000000603c00000, 0x0000000604000000|  0%| F|  |TAMS 0x0000000603c00000, 0x0000000603c00000| Untracked 
|   7|0x0000000604000000, 0x0000000604000000, 0x0000000604400000|  0%| F|  |TAMS 0x0000000604000000, 0x0000000604000000| Untracked 
|   8|0x0000000604400000, 0x0000000604400000, 0x0000000604800000|  0%| F|  |TAMS 0x0000000604400000, 0x0000000604400000| Untracked 
|   9|0x0000000604800000, 0x0000000604800000, 0x0000000604c00000|  0%| F|  |TAMS 0x0000000604800000, 0x0000000604800000| Untracked 
|  10|0x0000000604c00000, 0x0000000604c00000, 0x0000000605000000|  0%| F|  |TAMS 0x0000000604c00000, 0x0000000604c00000| Untracked 
|  11|0x0000000605000000, 0x0000000605000000, 0x0000000605400000|  0%| F|  |TAMS 0x0000000605000000, 0x0000000605000000| Untracked 
|  12|0x0000000605400000, 0x0000000605400000, 0x0000000605800000|  0%| F|  |TAMS 0x0000000605400000, 0x0000000605400000| Untracked 
|  13|0x0000000605800000, 0x0000000605800000, 0x0000000605c00000|  0%| F|  |TAMS 0x0000000605800000, 0x0000000605800000| Untracked 
|  14|0x0000000605c00000, 0x0000000605c00000, 0x0000000606000000|  0%| F|  |TAMS 0x0000000605c00000, 0x0000000605c00000| Untracked 
|  15|0x0000000606000000, 0x0000000606000000, 0x0000000606400000|  0%| F|  |TAMS 0x0000000606000000, 0x0000000606000000| Untracked 
|  16|0x0000000606400000, 0x0000000606400000, 0x0000000606800000|  0%| F|  |TAMS 0x0000000606400000, 0x0000000606400000| Untracked 
|  17|0x0000000606800000, 0x0000000606800000, 0x0000000606c00000|  0%| F|  |TAMS 0x0000000606800000, 0x0000000606800000| Untracked 
|  18|0x0000000606c00000, 0x0000000606c00000, 0x0000000607000000|  0%| F|  |TAMS 0x0000000606c00000, 0x0000000606c00000| Untracked 
|  19|0x0000000607000000, 0x0000000607000000, 0x0000000607400000|  0%| F|  |TAMS 0x0000000607000000, 0x0000000607000000| Untracked 
|  20|0x0000000607400000, 0x0000000607400000, 0x0000000607800000|  0%| F|  |TAMS 0x0000000607400000, 0x0000000607400000| Untracked 
|  21|0x0000000607800000, 0x0000000607800000, 0x0000000607c00000|  0%| F|  |TAMS 0x0000000607800000, 0x0000000607800000| Untracked 
|  22|0x0000000607c00000, 0x0000000607c00000, 0x0000000608000000|  0%| F|  |TAMS 0x0000000607c00000, 0x0000000607c00000| Untracked 
|  23|0x0000000608000000, 0x0000000608000000, 0x0000000608400000|  0%| F|  |TAMS 0x0000000608000000, 0x0000000608000000| Untracked 
|  24|0x0000000608400000, 0x0000000608400000, 0x0000000608800000|  0%| F|  |TAMS 0x0000000608400000, 0x0000000608400000| Untracked 
|  25|0x0000000608800000, 0x0000000608800000, 0x0000000608c00000|  0%| F|  |TAMS 0x0000000608800000, 0x0000000608800000| Untracked 
|  26|0x0000000608c00000, 0x0000000608c00000, 0x0000000609000000|  0%| F|  |TAMS 0x0000000608c00000, 0x0000000608c00000| Untracked 
|  27|0x0000000609000000, 0x0000000609000000, 0x0000000609400000|  0%| F|  |TAMS 0x0000000609000000, 0x0000000609000000| Untracked 
|  28|0x0000000609400000, 0x0000000609400000, 0x0000000609800000|  0%| F|  |TAMS 0x0000000609400000, 0x0000000609400000| Untracked 
|  29|0x0000000609800000, 0x0000000609800000, 0x0000000609c00000|  0%| F|  |TAMS 0x0000000609800000, 0x0000000609800000| Untracked 
|  30|0x0000000609c00000, 0x0000000609c00000, 0x000000060a000000|  0%| F|  |TAMS 0x0000000609c00000, 0x0000000609c00000| Untracked 
|  31|0x000000060a000000, 0x000000060a000000, 0x000000060a400000|  0%| F|  |TAMS 0x000000060a000000, 0x000000060a000000| Untracked 
|  32|0x000000060a400000, 0x000000060a400000, 0x000000060a800000|  0%| F|  |TAMS 0x000000060a400000, 0x000000060a400000| Untracked 
|  33|0x000000060a800000, 0x000000060a800000, 0x000000060ac00000|  0%| F|  |TAMS 0x000000060a800000, 0x000000060a800000| Untracked 
|  34|0x000000060ac00000, 0x000000060ac00000, 0x000000060b000000|  0%| F|  |TAMS 0x000000060ac00000, 0x000000060ac00000| Untracked 
|  35|0x000000060b000000, 0x000000060b000000, 0x000000060b400000|  0%| F|  |TAMS 0x000000060b000000, 0x000000060b000000| Untracked 
|  36|0x000000060b400000, 0x000000060b400000, 0x000000060b800000|  0%| F|  |TAMS 0x000000060b400000, 0x000000060b400000| Untracked 
|  37|0x000000060b800000, 0x000000060b800000, 0x000000060bc00000|  0%| F|  |TAMS 0x000000060b800000, 0x000000060b800000| Untracked 
|  38|0x000000060bc00000, 0x000000060bc00000, 0x000000060c000000|  0%| F|  |TAMS 0x000000060bc00000, 0x000000060bc00000| Untracked 
|  39|0x000000060c000000, 0x000000060c000000, 0x000000060c400000|  0%| F|  |TAMS 0x000000060c000000, 0x000000060c000000| Untracked 
|  40|0x000000060c400000, 0x000000060c400000, 0x000000060c800000|  0%| F|  |TAMS 0x000000060c400000, 0x000000060c400000| Untracked 
|  41|0x000000060c800000, 0x000000060c800000, 0x000000060cc00000|  0%| F|  |TAMS 0x000000060c800000, 0x000000060c800000| Untracked 
|  42|0x000000060cc00000, 0x000000060cc00000, 0x000000060d000000|  0%| F|  |TAMS 0x000000060cc00000, 0x000000060cc00000| Untracked 
|  43|0x000000060d000000, 0x000000060d000000, 0x000000060d400000|  0%| F|  |TAMS 0x000000060d000000, 0x000000060d000000| Untracked 
|  44|0x000000060d400000, 0x000000060d400000, 0x000000060d800000|  0%| F|  |TAMS 0x000000060d400000, 0x000000060d400000| Untracked 
|  45|0x000000060d800000, 0x000000060d800000, 0x000000060dc00000|  0%| F|  |TAMS 0x000000060d800000, 0x000000060d800000| Untracked 
|  46|0x000000060dc00000, 0x000000060dc00000, 0x000000060e000000|  0%| F|  |TAMS 0x000000060dc00000, 0x000000060dc00000| Untracked 
|  47|0x000000060e000000, 0x000000060e000000, 0x000000060e400000|  0%| F|  |TAMS 0x000000060e000000, 0x000000060e000000| Untracked 
|  48|0x000000060e400000, 0x000000060e400000, 0x000000060e800000|  0%| F|  |TAMS 0x000000060e400000, 0x000000060e400000| Untracked 
|  49|0x000000060e800000, 0x000000060e800000, 0x000000060ec00000|  0%| F|  |TAMS 0x000000060e800000, 0x000000060e800000| Untracked 
|  50|0x000000060ec00000, 0x000000060ec00000, 0x000000060f000000|  0%| F|  |TAMS 0x000000060ec00000, 0x000000060ec00000| Untracked 
|  51|0x000000060f000000, 0x000000060f000000, 0x000000060f400000|  0%| F|  |TAMS 0x000000060f000000, 0x000000060f000000| Untracked 
|  52|0x000000060f400000, 0x000000060f400000, 0x000000060f800000|  0%| F|  |TAMS 0x000000060f400000, 0x000000060f400000| Untracked 
|  53|0x000000060f800000, 0x000000060f800000, 0x000000060fc00000|  0%| F|  |TAMS 0x000000060f800000, 0x000000060f800000| Untracked 
|  54|0x000000060fc00000, 0x000000060fc00000, 0x0000000610000000|  0%| F|  |TAMS 0x000000060fc00000, 0x000000060fc00000| Untracked 
|  55|0x0000000610000000, 0x0000000610000000, 0x0000000610400000|  0%| F|  |TAMS 0x0000000610000000, 0x0000000610000000| Untracked 
|  56|0x0000000610400000, 0x0000000610400000, 0x0000000610800000|  0%| F|  |TAMS 0x0000000610400000, 0x0000000610400000| Untracked 
|  57|0x0000000610800000, 0x0000000610800000, 0x0000000610c00000|  0%| F|  |TAMS 0x0000000610800000, 0x0000000610800000| Untracked 
|  58|0x0000000610c00000, 0x0000000610c00000, 0x0000000611000000|  0%| F|  |TAMS 0x0000000610c00000, 0x0000000610c00000| Untracked 
|  59|0x0000000611000000, 0x0000000611000000, 0x0000000611400000|  0%| F|  |TAMS 0x0000000611000000, 0x0000000611000000| Untracked 
|  60|0x0000000611400000, 0x0000000611400000, 0x0000000611800000|  0%| F|  |TAMS 0x0000000611400000, 0x0000000611400000| Untracked 
|  61|0x0000000611800000, 0x0000000611800000, 0x0000000611c00000|  0%| F|  |TAMS 0x0000000611800000, 0x0000000611800000| Untracked 
|  62|0x0000000611c00000, 0x0000000611c00000, 0x0000000612000000|  0%| F|  |TAMS 0x0000000611c00000, 0x0000000611c00000| Untracked 
|  63|0x0000000612000000, 0x0000000612000000, 0x0000000612400000|  0%| F|  |TAMS 0x0000000612000000, 0x0000000612000000| Untracked 
|  64|0x0000000612400000, 0x0000000612400000, 0x0000000612800000|  0%| F|  |TAMS 0x0000000612400000, 0x0000000612400000| Untracked 
|  65|0x0000000612800000, 0x0000000612800000, 0x0000000612c00000|  0%| F|  |TAMS 0x0000000612800000, 0x0000000612800000| Untracked 
|  66|0x0000000612c00000, 0x0000000612c00000, 0x0000000613000000|  0%| F|  |TAMS 0x0000000612c00000, 0x0000000612c00000| Untracked 
|  67|0x0000000613000000, 0x0000000613000000, 0x0000000613400000|  0%| F|  |TAMS 0x0000000613000000, 0x0000000613000000| Untracked 
|  68|0x0000000613400000, 0x0000000613400000, 0x0000000613800000|  0%| F|  |TAMS 0x0000000613400000, 0x0000000613400000| Untracked 
|  69|0x0000000613800000, 0x0000000613800000, 0x0000000613c00000|  0%| F|  |TAMS 0x0000000613800000, 0x0000000613800000| Untracked 
|  70|0x0000000613c00000, 0x0000000613c00000, 0x0000000614000000|  0%| F|  |TAMS 0x0000000613c00000, 0x0000000613c00000| Untracked 
|  71|0x0000000614000000, 0x0000000614000000, 0x0000000614400000|  0%| F|  |TAMS 0x0000000614000000, 0x0000000614000000| Untracked 
|  72|0x0000000614400000, 0x0000000614400000, 0x0000000614800000|  0%| F|  |TAMS 0x0000000614400000, 0x0000000614400000| Untracked 
|  73|0x0000000614800000, 0x0000000614800000, 0x0000000614c00000|  0%| F|  |TAMS 0x0000000614800000, 0x0000000614800000| Untracked 
|  74|0x0000000614c00000, 0x0000000614c00000, 0x0000000615000000|  0%| F|  |TAMS 0x0000000614c00000, 0x0000000614c00000| Untracked 
|  75|0x0000000615000000, 0x0000000615000000, 0x0000000615400000|  0%| F|  |TAMS 0x0000000615000000, 0x0000000615000000| Untracked 
|  76|0x0000000615400000, 0x0000000615400000, 0x0000000615800000|  0%| F|  |TAMS 0x0000000615400000, 0x0000000615400000| Untracked 
|  77|0x0000000615800000, 0x0000000615800000, 0x0000000615c00000|  0%| F|  |TAMS 0x0000000615800000, 0x0000000615800000| Untracked 
|  78|0x0000000615c00000, 0x0000000615c00000, 0x0000000616000000|  0%| F|  |TAMS 0x0000000615c00000, 0x0000000615c00000| Untracked 
|  79|0x0000000616000000, 0x0000000616000000, 0x0000000616400000|  0%| F|  |TAMS 0x0000000616000000, 0x0000000616000000| Untracked 
|  80|0x0000000616400000, 0x0000000616400000, 0x0000000616800000|  0%| F|  |TAMS 0x0000000616400000, 0x0000000616400000| Untracked 
|  81|0x0000000616800000, 0x0000000616800000, 0x0000000616c00000|  0%| F|  |TAMS 0x0000000616800000, 0x0000000616800000| Untracked 
|  82|0x0000000616c00000, 0x0000000616c00000, 0x0000000617000000|  0%| F|  |TAMS 0x0000000616c00000, 0x0000000616c00000| Untracked 
|  83|0x0000000617000000, 0x0000000617000000, 0x0000000617400000|  0%| F|  |TAMS 0x0000000617000000, 0x0000000617000000| Untracked 
|  84|0x0000000617400000, 0x0000000617400000, 0x0000000617800000|  0%| F|  |TAMS 0x0000000617400000, 0x0000000617400000| Untracked 
|  85|0x0000000617800000, 0x0000000617800000, 0x0000000617c00000|  0%| F|  |TAMS 0x0000000617800000, 0x0000000617800000| Untracked 
|  86|0x0000000617c00000, 0x0000000617c00000, 0x0000000618000000|  0%| F|  |TAMS 0x0000000617c00000, 0x0000000617c00000| Untracked 
|  87|0x0000000618000000, 0x0000000618000000, 0x0000000618400000|  0%| F|  |TAMS 0x0000000618000000, 0x0000000618000000| Untracked 
|  88|0x0000000618400000, 0x0000000618400000, 0x0000000618800000|  0%| F|  |TAMS 0x0000000618400000, 0x0000000618400000| Untracked 
|  89|0x0000000618800000, 0x0000000618800000, 0x0000000618c00000|  0%| F|  |TAMS 0x0000000618800000, 0x0000000618800000| Untracked 
|  90|0x0000000618c00000, 0x0000000618c00000, 0x0000000619000000|  0%| F|  |TAMS 0x0000000618c00000, 0x0000000618c00000| Untracked 
|  91|0x0000000619000000, 0x0000000619000000, 0x0000000619400000|  0%| F|  |TAMS 0x0000000619000000, 0x0000000619000000| Untracked 
|  92|0x0000000619400000, 0x0000000619400000, 0x0000000619800000|  0%| F|  |TAMS 0x0000000619400000, 0x0000000619400000| Untracked 
|  93|0x0000000619800000, 0x0000000619800000, 0x0000000619c00000|  0%| F|  |TAMS 0x0000000619800000, 0x0000000619800000| Untracked 
|  94|0x0000000619c00000, 0x0000000619c00000, 0x000000061a000000|  0%| F|  |TAMS 0x0000000619c00000, 0x0000000619c00000| Untracked 
|  95|0x000000061a000000, 0x000000061a000000, 0x000000061a400000|  0%| F|  |TAMS 0x000000061a000000, 0x000000061a000000| Untracked 
|  96|0x000000061a400000, 0x000000061a400000, 0x000000061a800000|  0%| F|  |TAMS 0x000000061a400000, 0x000000061a400000| Untracked 
|  97|0x000000061a800000, 0x000000061a800000, 0x000000061ac00000|  0%| F|  |TAMS 0x000000061a800000, 0x000000061a800000| Untracked 
|  98|0x000000061ac00000, 0x000000061ac00000, 0x000000061b000000|  0%| F|  |TAMS 0x000000061ac00000, 0x000000061ac00000| Untracked 
|  99|0x000000061b000000, 0x000000061b000000, 0x000000061b400000|  0%| F|  |TAMS 0x000000061b000000, 0x000000061b000000| Untracked 
| 100|0x000000061b400000, 0x000000061b400000, 0x000000061b800000|  0%| F|  |TAMS 0x000000061b400000, 0x000000061b400000| Untracked 
| 101|0x000000061b800000, 0x000000061b800000, 0x000000061bc00000|  0%| F|  |TAMS 0x000000061b800000, 0x000000061b800000| Untracked 
| 102|0x000000061bc00000, 0x000000061bc00000, 0x000000061c000000|  0%| F|  |TAMS 0x000000061bc00000, 0x000000061bc00000| Untracked 
| 103|0x000000061c000000, 0x000000061c000000, 0x000000061c400000|  0%| F|  |TAMS 0x000000061c000000, 0x000000061c000000| Untracked 
| 104|0x000000061c400000, 0x000000061c400000, 0x000000061c800000|  0%| F|  |TAMS 0x000000061c400000, 0x000000061c400000| Untracked 
| 105|0x000000061c800000, 0x000000061c800000, 0x000000061cc00000|  0%| F|  |TAMS 0x000000061c800000, 0x000000061c800000| Untracked 
| 106|0x000000061cc00000, 0x000000061cc00000, 0x000000061d000000|  0%| F|  |TAMS 0x000000061cc00000, 0x000000061cc00000| Untracked 
| 107|0x000000061d000000, 0x000000061d000000, 0x000000061d400000|  0%| F|  |TAMS 0x000000061d000000, 0x000000061d000000| Untracked 
| 108|0x000000061d400000, 0x000000061d400000, 0x000000061d800000|  0%| F|  |TAMS 0x000000061d400000, 0x000000061d400000| Untracked 
| 109|0x000000061d800000, 0x000000061d800000, 0x000000061dc00000|  0%| F|  |TAMS 0x000000061d800000, 0x000000061d800000| Untracked 
| 110|0x000000061dc00000, 0x000000061dc00000, 0x000000061e000000|  0%| F|  |TAMS 0x000000061dc00000, 0x000000061dc00000| Untracked 
| 111|0x000000061e000000, 0x000000061e000000, 0x000000061e400000|  0%| F|  |TAMS 0x000000061e000000, 0x000000061e000000| Untracked 
| 112|0x000000061e400000, 0x000000061e400000, 0x000000061e800000|  0%| F|  |TAMS 0x000000061e400000, 0x000000061e400000| Untracked 
| 113|0x000000061e800000, 0x000000061e800000, 0x000000061ec00000|  0%| F|  |TAMS 0x000000061e800000, 0x000000061e800000| Untracked 
| 114|0x000000061ec00000, 0x000000061ec00000, 0x000000061f000000|  0%| F|  |TAMS 0x000000061ec00000, 0x000000061ec00000| Untracked 
| 115|0x000000061f000000, 0x000000061f000000, 0x000000061f400000|  0%| F|  |TAMS 0x000000061f000000, 0x000000061f000000| Untracked 
| 116|0x000000061f400000, 0x000000061f551b90, 0x000000061f800000| 32%| E|  |TAMS 0x000000061f400000, 0x000000061f400000| Complete 
| 117|0x000000061f800000, 0x000000061fc00000, 0x000000061fc00000|100%| E|CS|TAMS 0x000000061f800000, 0x000000061f800000| Complete 
| 118|0x000000061fc00000, 0x0000000620000000, 0x0000000620000000|100%| E|CS|TAMS 0x000000061fc00000, 0x000000061fc00000| Complete 
| 119|0x0000000620000000, 0x0000000620400000, 0x0000000620400000|100%| E|CS|TAMS 0x0000000620000000, 0x0000000620000000| Complete 
| 120|0x0000000620400000, 0x0000000620800000, 0x0000000620800000|100%| E|CS|TAMS 0x0000000620400000, 0x0000000620400000| Complete 
| 121|0x0000000620800000, 0x0000000620c00000, 0x0000000620c00000|100%| E|CS|TAMS 0x0000000620800000, 0x0000000620800000| Complete 
| 122|0x0000000620c00000, 0x0000000620dfaab8, 0x0000000621000000| 49%| S|CS|TAMS 0x0000000620c00000, 0x0000000620c00000| Complete 
| 123|0x0000000621000000, 0x0000000621400000, 0x0000000621400000|100%| E|CS|TAMS 0x0000000621000000, 0x0000000621000000| Complete 
| 124|0x0000000621400000, 0x0000000621800000, 0x0000000621800000|100%| E|CS|TAMS 0x0000000621400000, 0x0000000621400000| Complete 
| 125|0x0000000621800000, 0x0000000621c00000, 0x0000000621c00000|100%| E|CS|TAMS 0x0000000621800000, 0x0000000621800000| Complete 
| 126|0x0000000621c00000, 0x0000000622000000, 0x0000000622000000|100%| E|CS|TAMS 0x0000000621c00000, 0x0000000621c00000| Complete 
| 127|0x0000000622000000, 0x0000000622400000, 0x0000000622400000|100%| E|CS|TAMS 0x0000000622000000, 0x0000000622000000| Complete 

Card table byte_map: [0x00000213cf7e0000,0x00000213d07d0000] _byte_map_base: 0x00000213cc7ce000

Marking Bits (Prev, Next): (CMBitMap*) 0x00000213c1c67620, (CMBitMap*) 0x00000213c1c67660
 Prev Bits: [0x00000213d17c0000, 0x00000213d9730000)
 Next Bits: [0x00000213d9730000, 0x00000213e16a0000)

Polling page: 0x00000213c1ca0000

Metaspace:

Usage:
  Non-class:     16.11 MB used.
      Class:      2.50 MB used.
       Both:     18.61 MB used.

Virtual space:
  Non-class space:       64.00 MB reserved,      16.25 MB ( 25%) committed,  1 nodes.
      Class space:        1.00 GB reserved,       2.62 MB ( <1%) committed,  1 nodes.
             Both:        1.06 GB reserved,      18.88 MB (  2%) committed. 

Chunk freelists:
   Non-Class:  14.98 MB
       Class:  13.25 MB
        Both:  28.23 MB

MaxMetaspaceSize: unlimited
CompressedClassSpaceSize: 1.00 GB
Initial GC threshold: 21.00 MB
Current GC threshold: 21.00 MB
CDS: on
MetaspaceReclaimPolicy: balanced
 - commit_granule_bytes: 65536.
 - commit_granule_words: 8192.
 - virtual_space_node_default_size: 8388608.
 - enlarge_chunks_in_place: 1.
 - new_chunks_are_fully_committed: 0.
 - uncommit_free_chunks: 1.
 - use_allocation_guard: 0.
 - handle_deallocations: 1.


Internal statistics:

num_allocs_failed_limit: 0.
num_arena_births: 336.
num_arena_deaths: 0.
num_vsnodes_births: 2.
num_vsnodes_deaths: 0.
num_space_committed: 302.
num_space_uncommitted: 0.
num_chunks_returned_to_freelist: 0.
num_chunks_taken_from_freelist: 910.
num_chunk_merges: 0.
num_chunk_splits: 628.
num_chunks_enlarged: 458.
num_inconsistent_stats: 0.

CodeCache: size=49152Kb used=6515Kb max_used=6515Kb free=42637Kb
 bounds [0x00000213caf10000, 0x00000213cb570000, 0x00000213cdf10000]
 total_blobs=2936 nmethods=2440 adapters=419
 compilation: enabled
              stopped_count=0, restarted_count=0
 full_count=0

Compilation events (20 events):
Event: 1.858 Thread 0x00000213e4b47430 2431       1       org.springframework.util.ClassUtils::resolvePrimitiveIfNecessary (37 bytes)
Event: 1.858 Thread 0x00000213e4b47430 nmethod 2431 0x00000213cb569110 code [0x00000213cb5692c0, 0x00000213cb5694b8]
Event: 1.858 Thread 0x00000213e4b47430 2432       1       java.util.Properties::get (9 bytes)
Event: 1.859 Thread 0x00000213e4b47430 nmethod 2432 0x00000213cb569610 code [0x00000213cb5697a0, 0x00000213cb569888]
Event: 1.859 Thread 0x00000213e4b47430 2433       1       java.lang.ClassLoader::createOrGetClassLoaderValueMap (37 bytes)
Event: 1.859 Thread 0x00000213e4b47430 nmethod 2433 0x00000213cb569990 code [0x00000213cb569b20, 0x00000213cb569cc8]
Event: 1.859 Thread 0x00000213e4b56f60 2434       1       jdk.internal.loader.AbstractClassLoaderValue$Sub::equals (55 bytes)
Event: 1.859 Thread 0x00000213e4b47430 2435       1       java.nio.HeapByteBuffer::get (14 bytes)
Event: 1.859 Thread 0x00000213e1902720 2436       1       java.nio.Buffer::nextGetIndex (30 bytes)
Event: 1.859 Thread 0x00000213e431ddd0 2437       1       java.nio.ByteBuffer::limit (8 bytes)
Event: 1.859 Thread 0x00000213e1902720 nmethod 2436 0x00000213cb56a090 code [0x00000213cb56a220, 0x00000213cb56a348]
Event: 1.859 Thread 0x00000213e4b47430 nmethod 2435 0x00000213cb56a410 code [0x00000213cb56a5c0, 0x00000213cb56a748]
Event: 1.859 Thread 0x00000213e431ddd0 nmethod 2437 0x00000213cb56a890 code [0x00000213cb56aa20, 0x00000213cb56ab08]
Event: 1.860 Thread 0x00000213e4b56f60 nmethod 2434 0x00000213cb56ab90 code [0x00000213cb56ad40, 0x00000213cb56afd8]
Event: 1.861 Thread 0x00000213e4b56f60 2438       1       java.util.Locale::getLanguage (8 bytes)
Event: 1.861 Thread 0x00000213e4b56f60 nmethod 2438 0x00000213cb56b110 code [0x00000213cb56b2a0, 0x00000213cb56b378]
Event: 1.868 Thread 0x00000213e4b56f60 2439       1       jdk.internal.org.objectweb.asm.Frame::putAbstractType (379 bytes)
Event: 1.868 Thread 0x00000213e1902720 2440       1       jdk.internal.org.objectweb.asm.SymbolTable::getType (7 bytes)
Event: 1.868 Thread 0x00000213e1902720 nmethod 2440 0x00000213cb56b410 code [0x00000213cb56b5a0, 0x00000213cb56b698]
Event: 1.869 Thread 0x00000213e4b56f60 nmethod 2439 0x00000213cb56b790 code [0x00000213cb56bac0, 0x00000213cb56c4d8]

GC Heap History (4 events):
Event: 0.783 GC heap before
{Heap before GC invocations=0 (full 0):
 garbage-first heap   total 524288K, used 20480K [0x0000000602400000, 0x0000000800000000)
  region size 4096K, 6 young (24576K), 0 survivors (0K)
 Metaspace       used 6152K, committed 6336K, reserved 1114112K
  class space    used 764K, committed 832K, reserved 1048576K
}
Event: 0.787 GC heap after
{Heap after GC invocations=1 (full 0):
 garbage-first heap   total 524288K, used 8746K [0x0000000602400000, 0x0000000800000000)
  region size 4096K, 1 young (4096K), 1 survivors (4096K)
 Metaspace       used 6152K, committed 6336K, reserved 1114112K
  class space    used 764K, committed 832K, reserved 1048576K
}
Event: 1.214 GC heap before
{Heap before GC invocations=1 (full 0):
 garbage-first heap   total 524288K, used 29226K [0x0000000602400000, 0x0000000800000000)
  region size 4096K, 6 young (24576K), 1 survivors (4096K)
 Metaspace       used 10687K, committed 10944K, reserved 1114112K
  class space    used 1437K, committed 1536K, reserved 1048576K
}
Event: 1.218 GC heap after
{Heap after GC invocations=2 (full 0):
 garbage-first heap   total 524288K, used 10981K [0x0000000602400000, 0x0000000800000000)
  region size 4096K, 1 young (4096K), 1 survivors (4096K)
 Metaspace       used 10687K, committed 10944K, reserved 1114112K
  class space    used 1437K, committed 1536K, reserved 1048576K
}

Dll operation events (12 events):
Event: 0.017 Loaded shared library C:\Users\ASUS\.jdks\corretto-17.0.12\bin\java.dll
Event: 0.043 Loaded shared library C:\Users\ASUS\.jdks\corretto-17.0.12\bin\jsvml.dll
Event: 0.213 Loaded shared library C:\Users\ASUS\.jdks\corretto-17.0.12\bin\zip.dll
Event: 0.216 Loaded shared library C:\Users\ASUS\.jdks\corretto-17.0.12\bin\instrument.dll
Event: 0.222 Loaded shared library C:\Users\ASUS\.jdks\corretto-17.0.12\bin\net.dll
Event: 0.225 Loaded shared library C:\Users\ASUS\.jdks\corretto-17.0.12\bin\nio.dll
Event: 0.228 Loaded shared library C:\Users\ASUS\.jdks\corretto-17.0.12\bin\zip.dll
Event: 0.351 Loaded shared library C:\Program Files\JetBrains\IntelliJ IDEA 2023.2.5\bin\breakgen64.dll
Event: 0.356 Loaded shared library C:\Users\ASUS\.jdks\corretto-17.0.12\bin\jimage.dll
Event: 0.366 Loaded shared library C:\Users\ASUS\.jdks\corretto-17.0.12\bin\extnet.dll
Event: 0.380 Loaded shared library C:\Users\ASUS\.jdks\corretto-17.0.12\bin\management.dll
Event: 0.391 Loaded shared library C:\Users\ASUS\.jdks\corretto-17.0.12\bin\management_ext.dll

Deoptimization events (0 events):
No events

Classes loaded (20 events):
Event: 1.857 Loading class java/util/spi/ResourceBundleControlProvider
Event: 1.857 Loading class java/util/spi/ResourceBundleControlProvider done
Event: 1.857 Loading class java/util/ResourceBundle$CacheKey
Event: 1.857 Loading class java/util/ResourceBundle$CacheKey done
Event: 1.857 Loading class java/util/ResourceBundle$KeyElementReference
Event: 1.857 Loading class java/util/ResourceBundle$CacheKeyReference
Event: 1.857 Loading class java/util/ResourceBundle$CacheKeyReference done
Event: 1.857 Loading class java/util/ResourceBundle$KeyElementReference done
Event: 1.858 Loading class java/util/ResourceBundle$Control$2
Event: 1.858 Loading class java/util/ResourceBundle$Control$2 done
Event: 1.859 Loading class java/util/PropertyResourceBundle
Event: 1.859 Loading class java/util/PropertyResourceBundle done
Event: 1.859 Loading class sun/util/PropertyResourceBundleCharset
Event: 1.859 Loading class sun/util/PropertyResourceBundleCharset done
Event: 1.859 Loading class sun/util/PropertyResourceBundleCharset$PropertiesFileDecoder
Event: 1.859 Loading class sun/util/PropertyResourceBundleCharset$PropertiesFileDecoder done
Event: 1.860 Loading class java/util/ResourceBundle$BundleReference
Event: 1.860 Loading class java/util/ResourceBundle$BundleReference done
Event: 1.867 Loading class javax/security/auth/login/LoginException
Event: 1.868 Loading class javax/security/auth/login/LoginException done

Classes unloaded (0 events):
No events

Classes redefined (0 events):
No events

Internal exceptions (20 events):
Event: 1.282 Thread 0x00000213c1bf9e50 Exception <a 'java/lang/NoSuchMethodError'{0x00000006223bf368}: 'java.lang.Object java.lang.invoke.DirectMethodHandle$Holder.invokeStatic(java.lang.Object, java.lang.Object, int)'> (0x00000006223bf368) 
thrown [s\src\hotspot\share\interpreter\linkResolver.cpp, line 759]
Event: 1.283 Thread 0x00000213c1bf9e50 Exception <a 'java/lang/NoSuchMethodError'{0x00000006223cae00}: 'void java.lang.invoke.DelegatingMethodHandle$Holder.delegate(java.lang.Object, java.lang.Object, int, java.lang.Object)'> (0x00000006223cae00) 
thrown [s\src\hotspot\share\interpreter\linkResolver.cpp, line 759]
Event: 1.485 Thread 0x00000213c1bf9e50 Exception <a 'java/lang/NoSuchMethodError'{0x0000000621c9cd20}: 'void java.lang.invoke.DirectMethodHandle$Holder.invokeSpecial(java.lang.Object, java.lang.Object, java.lang.Object)'> (0x0000000621c9cd20) 
thrown [s\src\hotspot\share\interpreter\linkResolver.cpp, line 759]
Event: 1.492 Thread 0x00000213c1bf9e50 Exception <a 'java/lang/NoSuchMethodError'{0x0000000621d13c70}: 'java.lang.Object java.lang.invoke.DirectMethodHandle$Holder.newInvokeSpecial(java.lang.Object, java.lang.Object, int, java.lang.Object)'> (0x0000000621d13c70) 
thrown [s\src\hotspot\share\interpreter\linkResolver.cpp, line 759]
Event: 1.494 Thread 0x00000213c1bf9e50 Exception <a 'java/lang/NoSuchMethodError'{0x0000000621d38528}: 'java.lang.Object java.lang.invoke.DirectMethodHandle$Holder.newInvokeSpecial(java.lang.Object, java.lang.Object, java.lang.Object, java.lang.Object, java.lang.Object, java.lang.Object)'> (0x0000000621d38528) 
thrown [s\src\hotspot\share\interpreter\linkResolver.cpp, line 759]
Event: 1.495 Thread 0x00000213c1bf9e50 Exception <a 'java/lang/NoSuchMethodError'{0x0000000621d46a60}: 'int java.lang.invoke.DirectMethodHandle$Holder.invokeVirtual(java.lang.Object, java.lang.Object)'> (0x0000000621d46a60) 
thrown [s\src\hotspot\share\interpreter\linkResolver.cpp, line 759]
Event: 1.524 Thread 0x00000213c1bf9e50 Exception <a 'java/lang/NoSuchMethodError'{0x0000000621ea0088}: 'void java.lang.invoke.DirectMethodHandle$Holder.invokeStatic(java.lang.Object, java.lang.Object, int)'> (0x0000000621ea0088) 
thrown [s\src\hotspot\share\interpreter\linkResolver.cpp, line 759]
Event: 1.528 Thread 0x00000213c1bf9e50 Exception <a 'java/lang/NoSuchMethodError'{0x0000000621eb6978}: 'void java.lang.invoke.DirectMethodHandle$Holder.invokeStaticInit(java.lang.Object, java.lang.Object, java.lang.Object)'> (0x0000000621eb6978) 
thrown [s\src\hotspot\share\interpreter\linkResolver.cpp, line 759]
Event: 1.534 Thread 0x00000213c1bf9e50 Exception <a 'java/lang/NoSuchMethodError'{0x0000000621efeac8}: 'java.lang.Object java.lang.invoke.DirectMethodHandle$Holder.invokeStatic(java.lang.Object, java.lang.Object, long, java.lang.Object)'> (0x0000000621efeac8) 
thrown [s\src\hotspot\share\interpreter\linkResolver.cpp, line 759]
Event: 1.535 Thread 0x00000213c1bf9e50 Exception <a 'java/lang/NoSuchMethodError'{0x0000000621f02560}: 'java.lang.Object java.lang.invoke.DirectMethodHandle$Holder.invokeStaticInit(java.lang.Object, java.lang.Object, long, java.lang.Object)'> (0x0000000621f02560) 
thrown [s\src\hotspot\share\interpreter\linkResolver.cpp, line 759]
Event: 1.535 Thread 0x00000213c1bf9e50 Exception <a 'java/lang/NoSuchMethodError'{0x0000000621f08890}: 'java.lang.Object java.lang.invoke.DirectMethodHandle$Holder.newInvokeSpecial(java.lang.Object, java.lang.Object, long)'> (0x0000000621f08890) 
thrown [s\src\hotspot\share\interpreter\linkResolver.cpp, line 759]
Event: 1.543 Thread 0x00000213c1bf9e50 Exception <a 'java/lang/NoSuchMethodError'{0x0000000621f738f0}: 'void java.lang.invoke.DirectMethodHandle$Holder.invokeVirtual(java.lang.Object, java.lang.Object, java.lang.Object, java.lang.Object)'> (0x0000000621f738f0) 
thrown [s\src\hotspot\share\interpreter\linkResolver.cpp, line 759]
Event: 1.581 Thread 0x00000213e96e9850 Exception <a 'java/lang/NoClassDefFoundError'{0x00000006219b1390}: jakarta/validation/Validation> (0x00000006219b1390) 
thrown [s\src\hotspot\share\classfile\systemDictionary.cpp, line 245]
Event: 1.767 Thread 0x00000213e96280f0 Exception <a 'java/lang/reflect/InvocationTargetException'{0x0000000622360830}> (0x0000000622360830) 
thrown [s\src\hotspot\share\runtime\reflection.cpp, line 1128]
Event: 1.841 Thread 0x00000213e96e9850 Exception <a 'java/lang/NoSuchMethodError'{0x000000061fb1cd90}: 'long java.lang.invoke.DirectMethodHandle$Holder.invokeSpecial(java.lang.Object, java.lang.Object)'> (0x000000061fb1cd90) 
thrown [s\src\hotspot\share\interpreter\linkResolver.cpp, line 759]
Event: 1.843 Thread 0x00000213e96e9850 Exception <a 'java/lang/NoSuchMethodError'{0x000000061fb27908}: 'long java.lang.invoke.DirectMethodHandle$Holder.invokeStatic(java.lang.Object, java.lang.Object)'> (0x000000061fb27908) 
thrown [s\src\hotspot\share\interpreter\linkResolver.cpp, line 759]
Event: 1.843 Thread 0x00000213e96e9850 Exception <a 'java/lang/NoSuchMethodError'{0x000000061fb2ac60}: 'long java.lang.invoke.DirectMethodHandle$Holder.invokeStaticInit(java.lang.Object, java.lang.Object)'> (0x000000061fb2ac60) 
thrown [s\src\hotspot\share\interpreter\linkResolver.cpp, line 759]
Event: 1.845 Thread 0x00000213e96e9850 Exception <a 'java/lang/NoSuchMethodError'{0x000000061fb384a0}: 'long java.lang.invoke.DirectMethodHandle$Holder.invokeInterface(java.lang.Object, java.lang.Object)'> (0x000000061fb384a0) 
thrown [s\src\hotspot\share\interpreter\linkResolver.cpp, line 759]
Event: 1.846 Thread 0x00000213e96e9850 Exception <a 'java/lang/IncompatibleClassChangeError'{0x000000061fb3b788}: Found class java.lang.Object, but interface was expected> (0x000000061fb3b788) 
thrown [s\src\hotspot\share\interpreter\linkResolver.cpp, line 826]
Event: 1.850 Thread 0x00000213e96e9850 Exception <a 'java/lang/NoSuchMethodError'{0x000000061fb54808}: 'java.lang.Object java.lang.invoke.DirectMethodHandle$Holder.invokeVirtual(java.lang.Object, java.lang.Object, java.lang.Object, java.lang.Object)'> (0x000000061fb54808) 
thrown [s\src\hotspot\share\interpreter\linkResolver.cpp, line 759]

VM Operations (20 events):
Event: 1.214 Executing VM operation: G1CollectForAllocation
Event: 1.218 Executing VM operation: G1CollectForAllocation done
Event: 1.231 Executing VM operation: HandshakeAllThreads
Event: 1.231 Executing VM operation: HandshakeAllThreads done
Event: 1.297 Executing VM operation: HandshakeAllThreads
Event: 1.297 Executing VM operation: HandshakeAllThreads done
Event: 1.523 Executing VM operation: HandshakeAllThreads
Event: 1.523 Executing VM operation: HandshakeAllThreads done
Event: 1.524 Executing VM operation: HandshakeAllThreads
Event: 1.524 Executing VM operation: HandshakeAllThreads done
Event: 1.570 Executing VM operation: HandshakeAllThreads
Event: 1.570 Executing VM operation: HandshakeAllThreads done
Event: 1.574 Executing VM operation: HandshakeAllThreads
Event: 1.574 Executing VM operation: HandshakeAllThreads done
Event: 1.675 Executing VM operation: ICBufferFull
Event: 1.675 Executing VM operation: ICBufferFull done
Event: 1.706 Executing VM operation: HandshakeAllThreads
Event: 1.706 Executing VM operation: HandshakeAllThreads done
Event: 1.741 Executing VM operation: HandshakeAllThreads
Event: 1.742 Executing VM operation: HandshakeAllThreads done

Events (20 events):
Event: 0.061 Thread 0x00000213e1903660 Thread added: 0x00000213e1903660
Event: 0.062 Thread 0x00000213e1900f70 Thread added: 0x00000213e1900f70
Event: 0.062 Thread 0x00000213e1902720 Thread added: 0x00000213e1902720
Event: 0.062 Thread 0x00000213e4251fe0 Thread added: 0x00000213e4251fe0
Event: 0.196 Thread 0x00000213e4231470 Thread added: 0x00000213e4231470
Event: 0.202 Thread 0x00000213e431ddd0 Thread added: 0x00000213e431ddd0
Event: 0.352 Thread 0x00000213e4a6b9f0 Thread added: 0x00000213e4a6b9f0
Event: 0.352 Thread 0x00000213e4a6bed0 Thread added: 0x00000213e4a6bed0
Event: 0.604 Thread 0x00000213e4b56f60 Thread added: 0x00000213e4b56f60
Event: 0.604 Thread 0x00000213e4b47430 Thread added: 0x00000213e4b47430
Event: 0.625 Thread 0x00000213e4b44f40 Thread added: 0x00000213e4b44f40
Event: 1.192 Thread 0x00000213e96280f0 Thread added: 0x00000213e96280f0
Event: 1.222 Thread 0x00000213e9647ad0 Thread added: 0x00000213e9647ad0
Event: 1.229 Thread 0x00000213e96496f0 Thread added: 0x00000213e96496f0
Event: 1.260 Thread 0x00000213e96496f0 Thread exited: 0x00000213e96496f0
Event: 1.481 Thread 0x00000213e96b95f0 Thread added: 0x00000213e96b95f0
Event: 1.483 Thread 0x00000213e96b95f0 Thread exited: 0x00000213e96b95f0
Event: 1.580 Thread 0x00000213e96e9850 Thread added: 0x00000213e96e9850
Event: 1.764 Thread 0x00000213e993c3c0 Thread added: 0x00000213e993c3c0
Event: 1.769 Thread 0x00000213e993c3c0 Thread exited: 0x00000213e993c3c0


Dynamic libraries:
0x00007ff73a190000 - 0x00007ff73a19e000 	C:\Users\ASUS\.jdks\corretto-17.0.12\bin\java.exe
0x00007ffbeda30000 - 0x00007ffbedc47000 	C:\WINDOWS\SYSTEM32\ntdll.dll
0x00007ffbecf80000 - 0x00007ffbed044000 	C:\WINDOWS\System32\KERNEL32.DLL
0x00007ffbeb100000 - 0x00007ffbeb4b9000 	C:\WINDOWS\System32\KERNELBASE.dll
0x00007ffbeae50000 - 0x00007ffbeaf61000 	C:\WINDOWS\System32\ucrtbase.dll
0x00007ffbe44e0000 - 0x00007ffbe44f7000 	C:\Users\ASUS\.jdks\corretto-17.0.12\bin\jli.dll
0x00007ffbe44b0000 - 0x00007ffbe44cb000 	C:\Users\ASUS\.jdks\corretto-17.0.12\bin\VCRUNTIME140.dll
0x00007ffbec500000 - 0x00007ffbec6ae000 	C:\WINDOWS\System32\USER32.dll
0x00007ffbd6b80000 - 0x00007ffbd6e12000 	C:\WINDOWS\WinSxS\amd64_microsoft.windows.common-controls_6595b64144ccf1df_6.0.22621.4391_none_2715d37f73803e96\COMCTL32.dll
0x00007ffbeae20000 - 0x00007ffbeae46000 	C:\WINDOWS\System32\win32u.dll
0x00007ffbec0e0000 - 0x00007ffbec187000 	C:\WINDOWS\System32\msvcrt.dll
0x00007ffbed9c0000 - 0x00007ffbed9e9000 	C:\WINDOWS\System32\GDI32.dll
0x00007ffbeb630000 - 0x00007ffbeb74b000 	C:\WINDOWS\System32\gdi32full.dll
0x00007ffbeb060000 - 0x00007ffbeb0fa000 	C:\WINDOWS\System32\msvcp_win.dll
0x00007ffbed980000 - 0x00007ffbed9b1000 	C:\WINDOWS\System32\IMM32.DLL
0x00007ffbe67d0000 - 0x00007ffbe67dc000 	C:\Users\ASUS\.jdks\corretto-17.0.12\bin\vcruntime140_1.dll
0x00007ffbd3cf0000 - 0x00007ffbd3d7d000 	C:\Users\ASUS\.jdks\corretto-17.0.12\bin\msvcp140.dll
0x00007ffb9a7d0000 - 0x00007ffb9b43a000 	C:\Users\ASUS\.jdks\corretto-17.0.12\bin\server\jvm.dll
0x00007ffbed6a0000 - 0x00007ffbed752000 	C:\WINDOWS\System32\ADVAPI32.dll
0x00007ffbecd70000 - 0x00007ffbece17000 	C:\WINDOWS\System32\sechost.dll
0x00007ffbeaf70000 - 0x00007ffbeaf98000 	C:\WINDOWS\System32\bcrypt.dll
0x00007ffbed100000 - 0x00007ffbed214000 	C:\WINDOWS\System32\RPCRT4.dll
0x00007ffbec190000 - 0x00007ffbec201000 	C:\WINDOWS\System32\WS2_32.dll
0x00007ffbeac00000 - 0x00007ffbeac4d000 	C:\WINDOWS\SYSTEM32\POWRPROF.dll
0x00007ffbe4320000 - 0x00007ffbe4354000 	C:\WINDOWS\SYSTEM32\WINMM.dll
0x00007ffbe2f70000 - 0x00007ffbe2f7a000 	C:\WINDOWS\SYSTEM32\VERSION.dll
0x00007ffbeabe0000 - 0x00007ffbeabf3000 	C:\WINDOWS\SYSTEM32\UMPDC.dll
0x00007ffbe9cd0000 - 0x00007ffbe9ce8000 	C:\WINDOWS\SYSTEM32\kernel.appcore.dll
0x00007ffbe48f0000 - 0x00007ffbe48fa000 	C:\Users\ASUS\.jdks\corretto-17.0.12\bin\jimage.dll
0x00007ffbc3280000 - 0x00007ffbc34b2000 	C:\WINDOWS\SYSTEM32\DBGHELP.DLL
0x00007ffbec900000 - 0x00007ffbecc8f000 	C:\WINDOWS\System32\combase.dll
0x00007ffbecc90000 - 0x00007ffbecd67000 	C:\WINDOWS\System32\OLEAUT32.dll
0x00007ffbc3240000 - 0x00007ffbc3272000 	C:\WINDOWS\SYSTEM32\dbgcore.DLL
0x00007ffbead30000 - 0x00007ffbeadab000 	C:\WINDOWS\System32\bcryptPrimitives.dll
0x00007ffbe44a0000 - 0x00007ffbe44ae000 	C:\Users\ASUS\.jdks\corretto-17.0.12\bin\instrument.dll
0x00007ffbe02d0000 - 0x00007ffbe02f5000 	C:\Users\ASUS\.jdks\corretto-17.0.12\bin\java.dll
0x00007ffbad400000 - 0x00007ffbad4d7000 	C:\Users\ASUS\.jdks\corretto-17.0.12\bin\jsvml.dll
0x00007ffbeb860000 - 0x00007ffbec0d6000 	C:\WINDOWS\System32\SHELL32.dll
0x00007ffbe8c20000 - 0x00007ffbe9523000 	C:\WINDOWS\SYSTEM32\windows.storage.dll
0x00007ffbe8ae0000 - 0x00007ffbe8c1f000 	C:\WINDOWS\SYSTEM32\wintypes.dll
0x00007ffbece80000 - 0x00007ffbecf79000 	C:\WINDOWS\System32\SHCORE.dll
0x00007ffbeb800000 - 0x00007ffbeb85e000 	C:\WINDOWS\System32\shlwapi.dll
0x00007ffbeac60000 - 0x00007ffbeac8b000 	C:\WINDOWS\SYSTEM32\profapi.dll
0x00007ffbdf570000 - 0x00007ffbdf588000 	C:\Users\ASUS\.jdks\corretto-17.0.12\bin\zip.dll
0x00007ffbe0400000 - 0x00007ffbe0419000 	C:\Users\ASUS\.jdks\corretto-17.0.12\bin\net.dll
0x00007ffbe3b50000 - 0x00007ffbe3c86000 	C:\WINDOWS\SYSTEM32\WINHTTP.dll
0x00007ffbea1a0000 - 0x00007ffbea209000 	C:\WINDOWS\system32\mswsock.dll
0x00007ffbe0260000 - 0x00007ffbe0276000 	C:\Users\ASUS\.jdks\corretto-17.0.12\bin\nio.dll
0x00007ffbda1e0000 - 0x00007ffbda1fa000 	C:\Program Files\JetBrains\IntelliJ IDEA 2023.2.5\bin\breakgen64.dll
0x00007ffbe9800000 - 0x00007ffbe9902000 	C:\WINDOWS\SYSTEM32\DNSAPI.dll
0x00007ffbe97d0000 - 0x00007ffbe97fd000 	C:\WINDOWS\SYSTEM32\IPHLPAPI.DLL
0x00007ffbec870000 - 0x00007ffbec879000 	C:\WINDOWS\System32\NSI.dll
0x00007ffbdb190000 - 0x00007ffbdb199000 	C:\Users\ASUS\.jdks\corretto-17.0.12\bin\extnet.dll
0x00007ffbe1a70000 - 0x00007ffbe1a7a000 	C:\Windows\System32\rasadhlp.dll
0x00007ffbe2ee0000 - 0x00007ffbe2f63000 	C:\WINDOWS\System32\fwpuclnt.dll
0x00007ffbdf560000 - 0x00007ffbdf569000 	C:\Users\ASUS\.jdks\corretto-17.0.12\bin\management.dll
0x00007ffbdf550000 - 0x00007ffbdf55b000 	C:\Users\ASUS\.jdks\corretto-17.0.12\bin\management_ext.dll
0x00007ffbed970000 - 0x00007ffbed978000 	C:\WINDOWS\System32\PSAPI.DLL
0x00007ffbea4f0000 - 0x00007ffbea50b000 	C:\WINDOWS\SYSTEM32\CRYPTSP.dll
0x00007ffbe9c90000 - 0x00007ffbe9cc5000 	C:\WINDOWS\system32\rsaenh.dll
0x00007ffbea240000 - 0x00007ffbea268000 	C:\WINDOWS\SYSTEM32\USERENV.dll
0x00007ffbea4d0000 - 0x00007ffbea4dc000 	C:\WINDOWS\SYSTEM32\CRYPTBASE.dll
0x00007ffbe39c0000 - 0x00007ffbe39d9000 	C:\WINDOWS\SYSTEM32\dhcpcsvc6.DLL
0x00007ffbe3840000 - 0x00007ffbe385f000 	C:\WINDOWS\SYSTEM32\dhcpcsvc.DLL
0x00007ffbd7e20000 - 0x00007ffbd7e37000 	C:\WINDOWS\system32\napinsp.dll
0x00007ffbd7e00000 - 0x00007ffbd7e1b000 	C:\WINDOWS\system32\pnrpnsp.dll
0x00007ffbd5b10000 - 0x00007ffbd5b21000 	C:\WINDOWS\System32\winrnr.dll
0x00007ffbe3330000 - 0x00007ffbe3345000 	C:\WINDOWS\system32\wshbth.dll
0x00007ffbd5ae0000 - 0x00007ffbd5b07000 	C:\WINDOWS\system32\nlansp_c.dll

dbghelp: loaded successfully - version: 4.0.5 - missing functions: none
symbol engine: initialized successfully - sym options: 0x614 - pdb path: .;C:\Users\ASUS\.jdks\corretto-17.0.12\bin;C:\WINDOWS\SYSTEM32;C:\WINDOWS\WinSxS\amd64_microsoft.windows.common-controls_6595b64144ccf1df_6.0.22621.4391_none_2715d37f73803e96;C:\Users\ASUS\.jdks\corretto-17.0.12\bin\server;C:\Program Files\JetBrains\IntelliJ IDEA 2023.2.5\bin

VM Arguments:
jvm_args: -XX:TieredStopAtLevel=1 -Dspring.output.ansi.enabled=always -Dcom.sun.management.jmxremote -Dspring.jmx.enabled=true -Dspring.liveBeansView.mbeanDomain -Dspring.application.admin.enabled=true -Dmanagement.endpoints.jmx.exposure.include=* -javaagent:C:\Program Files\JetBrains\IntelliJ IDEA 2023.2.5\lib\idea_rt.jar=51969:C:\Program Files\JetBrains\IntelliJ IDEA 2023.2.5\bin -Dfile.encoding=UTF-8 
java_command: com.tecsup.microservices.license_command_service.LicenseCommandServiceApplication
java_class_path (initial): D:\proyecto_final\license-command-service\target\classes;C:\Users\ASUS\.m2\repository\org\springframework\boot\spring-boot-starter-web\3.3.4\spring-boot-starter-web-3.3.4.jar;C:\Users\ASUS\.m2\repository\org\springframework\boot\spring-boot-starter\3.3.4\spring-boot-starter-3.3.4.jar;C:\Users\ASUS\.m2\repository\org\springframework\boot\spring-boot\3.3.4\spring-boot-3.3.4.jar;C:\Users\ASUS\.m2\repository\org\springframework\boot\spring-boot-autoconfigure\3.3.4\spring-boot-autoconfigure-3.3.4.jar;C:\Users\ASUS\.m2\repository\org\springframework\boot\spring-boot-starter-logging\3.3.4\spring-boot-starter-logging-3.3.4.jar;C:\Users\ASUS\.m2\repository\ch\qos\logback\logback-classic\1.5.8\logback-classic-1.5.8.jar;C:\Users\ASUS\.m2\repository\ch\qos\logback\logback-core\1.5.8\logback-core-1.5.8.jar;C:\Users\ASUS\.m2\repository\org\apache\logging\log4j\log4j-to-slf4j\2.23.1\log4j-to-slf4j-2.23.1.jar;C:\Users\ASUS\.m2\repository\org\apache\logging\log4j\log4j-api\2.23.1\log4j-api-2.23.1.jar;C:\Users\ASUS\.m2\repository\org\slf4j\jul-to-slf4j\2.0.16\jul-to-slf4j-2.0.16.jar;C:\Users\ASUS\.m2\repository\jakarta\annotation\jakarta.annotation-api\2.1.1\jakarta.annotation-api-2.1.1.jar;C:\Users\ASUS\.m2\repository\org\yaml\snakeyaml\2.2\snakeyaml-2.2.jar;C:\Users\ASUS\.m2\repository\org\springframework\boot\spring-boot-starter-json\3.3.4\spring-boot-starter-json-3.3.4.jar;C:\Users\ASUS\.m2\repository\com\fasterxml\jackson\core\jackson-databind\2.17.2\jackson-databind-2.17.2.jar;C:\Users\ASUS\.m2\repository\com\fasterxml\jackson\datatype\jackson-datatype-jdk8\2.17.2\jackson-datatype-jdk8-2.17.2.jar;C:\Users\ASUS\.m2\repository\com\fasterxml\jackson\datatype\jackson-datatype-jsr310\2.17.2\jackson-datatype-jsr310-2.17.2.jar;C:\Users\ASUS\.m2\repository\com\fasterxml\jackson\module\jackson-module-parameter-names\2.17.2\jackson-module-parameter-names-2.17.2.jar;C:\Users\ASUS\.m2\repository\org\springframework\boot\spring-boot-starter-tomcat\3.3.4\spring-b
Launcher Type: SUN_STANDARD

[Global flags]
     intx CICompilerCount                          = 4                                         {product} {ergonomic}
     uint ConcGCThreads                            = 2                                         {product} {ergonomic}
     uint G1ConcRefinementThreads                  = 8                                         {product} {ergonomic}
   size_t G1HeapRegionSize                         = 4194304                                   {product} {ergonomic}
    uintx GCDrainStackTargetSize                   = 64                                        {product} {ergonomic}
   size_t InitialHeapSize                          = 536870912                                 {product} {ergonomic}
     bool ManagementServer                         = true                                      {product} {command line}
   size_t MarkStackSize                            = 4194304                                   {product} {ergonomic}
   size_t MaxHeapSize                              = 8552185856                                {product} {ergonomic}
   size_t MaxNewSize                               = 5129633792                                {product} {ergonomic}
   size_t MinHeapDeltaBytes                        = 4194304                                   {product} {ergonomic}
   size_t MinHeapSize                              = 8388608                                   {product} {ergonomic}
    uintx NonProfiledCodeHeapSize                  = 0                                      {pd product} {ergonomic}
     bool ProfileInterpreter                       = false                                  {pd product} {command line}
    uintx ProfiledCodeHeapSize                     = 0                                      {pd product} {ergonomic}
   size_t SoftMaxHeapSize                          = 8552185856                             {manageable} {ergonomic}
     intx TieredStopAtLevel                        = 1                                         {product} {command line}
     bool UseCompressedClassPointers               = true                           {product lp64_product} {ergonomic}
     bool UseCompressedOops                        = true                           {product lp64_product} {ergonomic}
     bool UseG1GC                                  = true                                      {product} {ergonomic}
     bool UseLargePagesIndividualAllocation        = false                                  {pd product} {ergonomic}

Logging:
Log output configuration:
 #0: stdout all=warning uptime,level,tags
 #1: stderr all=off uptime,level,tags

Environment Variables:
JAVA_HOME=C:\Program Files\Java\jdk-21.0.4+7
PATH=C:\Program Files\Java\jdk-21.0.4+7\bin;C:\WINDOWS\system32;C:\WINDOWS;C:\WINDOWS\System32\Wbem;C:\WINDOWS\System32\WindowsPowerShell\v1.0\;C:\WINDOWS\System32\OpenSSH\;C:\Program Files\Docker\Docker\resources\bin;C:\Program Files\dotnet\;C:\Program Files\apache-maven-3.9.9\bin;C:\Program Files\Git\cmd;C:\Users\ASUS\AppData\Local\Microsoft\WindowsApps;C:\Users\ASUS\AppData\Local\Programs\Microsoft VS Code\bin
USERNAME=ASUS
OS=Windows_NT
PROCESSOR_IDENTIFIER=Intel64 Family 6 Model 158 Stepping 10, GenuineIntel
TMP=C:\Users\ASUS\AppData\Local\Temp
TEMP=C:\Users\ASUS\AppData\Local\Temp



Periodic native trim disabled


---------------  S Y S T E M  ---------------

OS:
 Windows 11 , 64 bit Build 22621 (10.0.22621.4391)
OS uptime: 2 days 10:39 hours
Hyper-V role detected

CPU: total 8 (initial active 8) (4 cores per cpu, 2 threads per core) family 6 model 158 stepping 10 microcode 0xde, cx8, cmov, fxsr, ht, mmx, 3dnowpref, sse, sse2, sse3, ssse3, sse4.1, sse4.2, popcnt, lzcnt, tsc, tscinvbit, avx, avx2, aes, erms, clmul, bmi1, bmi2, adx, fma, vzeroupper, clflush, clflushopt, hv
Processor Information for all 8 processors :
  Max Mhz: 2304, Current Mhz: 2304, Mhz Limit: 2304

Memory: 4k page, system-wide physical 32623M (11097M free)
TotalPageFile size 34671M (AvailPageFile size 526M)
current process WorkingSet (physical memory assigned to process): 127M, peak: 127M
current process commit charge ("private bytes"): 644M, peak: 644M

vm_info: OpenJDK 64-Bit Server VM (17.0.12+7-LTS) for windows-amd64 JRE (17.0.12+7-LTS), built on Jul 10 2024 20:46:33 by "Administrator" with MS VC++ 16.10 / 16.11 (VS2019)

END.
